Efinity Synthesis report for project edb_top
Version: 2023.2.307
Generated at: Jun 18, 2024 16:06:40
Copyright (C) 2013 - 2023  All rights reserved.

### ### ### ### ### ### ### ### ### ### ### ### ### ### ###
Top-level Entity Name : edb_top

### ### File List (begin) ### ### ###
/home/tejas/Downloads/efinity/2023.2/project/WS2812_Custom/work_dbg/debug_top.v
### ### File List (end) ### ### ###

"MEM|SYN-0677" : ... Zero initialization of uninitialized memory block 'ram'. (/home/tejas/Downloads/efinity/2023.2/project/WS2812_Custom/work_dbg/debug_top.v:498)

### ### EFX_FF CE enables (begin) ### ### ###
Total number of enable signals: 116
Total number of FFs with enable signals: 1436
CE signal <ceg_net5>, number of controlling flip flops: 3
CE signal <la0/n35545>, number of controlling flip flops: 64
CE signal <la0/n1230>, number of controlling flip flops: 21
CE signal <la0/n34620>, number of controlling flip flops: 64
CE signal <la0/n34684>, number of controlling flip flops: 64
CE signal <la0/n34748>, number of controlling flip flops: 64
CE signal <la0/n2089>, number of controlling flip flops: 22
CE signal <la0/addr_ct_en>, number of controlling flip flops: 25
CE signal <la0/op_reg_en>, number of controlling flip flops: 4
CE signal <ceg_net26>, number of controlling flip flops: 6
CE signal <la0/word_ct_en>, number of controlling flip flops: 16
CE signal <ceg_net14>, number of controlling flip flops: 64
CE signal <la0/n3110>, number of controlling flip flops: 3
CE signal <la0/n3125>, number of controlling flip flops: 24
CE signal <la0/n3323>, number of controlling flip flops: 24
CE signal <la0/n3521>, number of controlling flip flops: 3
CE signal <la0/n3536>, number of controlling flip flops: 24
CE signal <la0/n3734>, number of controlling flip flops: 24
CE signal <la0/n3969>, number of controlling flip flops: 3
CE signal <la0/n4380>, number of controlling flip flops: 3
CE signal <la0/n4916>, number of controlling flip flops: 3
CE signal <la0/n4931>, number of controlling flip flops: 16
CE signal <la0/n5129>, number of controlling flip flops: 16
CE signal <la0/n5327>, number of controlling flip flops: 3
CE signal <la0/n5342>, number of controlling flip flops: 16
CE signal <la0/n5540>, number of controlling flip flops: 16
CE signal <la0/n5823>, number of controlling flip flops: 3
CE signal <la0/n5838>, number of controlling flip flops: 8
CE signal <la0/n6036>, number of controlling flip flops: 8
CE signal <la0/n6234>, number of controlling flip flops: 3
CE signal <la0/n6249>, number of controlling flip flops: 8
CE signal <la0/n6447>, number of controlling flip flops: 8
CE signal <la0/n6722>, number of controlling flip flops: 3
CE signal <la0/n6737>, number of controlling flip flops: 8
CE signal <la0/n6935>, number of controlling flip flops: 8
CE signal <la0/n7133>, number of controlling flip flops: 3
CE signal <la0/n7148>, number of controlling flip flops: 8
CE signal <la0/n7346>, number of controlling flip flops: 8
CE signal <la0/n7677>, number of controlling flip flops: 3
CE signal <la0/n7692>, number of controlling flip flops: 16
CE signal <la0/n7890>, number of controlling flip flops: 16
CE signal <la0/n8088>, number of controlling flip flops: 3
CE signal <la0/n8103>, number of controlling flip flops: 16
CE signal <la0/n8301>, number of controlling flip flops: 16
CE signal <la0/n8528>, number of controlling flip flops: 3
CE signal <la0/n8939>, number of controlling flip flops: 3
CE signal <la0/n9363>, number of controlling flip flops: 3
CE signal <la0/n9774>, number of controlling flip flops: 3
CE signal <la0/n10366>, number of controlling flip flops: 3
CE signal <la0/n10381>, number of controlling flip flops: 24
CE signal <la0/n10579>, number of controlling flip flops: 24
CE signal <la0/n10777>, number of controlling flip flops: 3
CE signal <la0/n10792>, number of controlling flip flops: 24
CE signal <la0/n10990>, number of controlling flip flops: 24
CE signal <la0/n11225>, number of controlling flip flops: 3
CE signal <la0/n11636>, number of controlling flip flops: 3
CE signal <la0/n12172>, number of controlling flip flops: 3
CE signal <la0/n12187>, number of controlling flip flops: 16
CE signal <la0/n12385>, number of controlling flip flops: 16
CE signal <la0/n12583>, number of controlling flip flops: 3
CE signal <la0/n12598>, number of controlling flip flops: 16
CE signal <la0/n12796>, number of controlling flip flops: 16
CE signal <la0/n13135>, number of controlling flip flops: 3
CE signal <la0/n13150>, number of controlling flip flops: 16
CE signal <la0/n13348>, number of controlling flip flops: 16
CE signal <la0/n13546>, number of controlling flip flops: 3
CE signal <la0/n13561>, number of controlling flip flops: 16
CE signal <la0/n13759>, number of controlling flip flops: 16
CE signal <la0/n13986>, number of controlling flip flops: 3
CE signal <la0/n14397>, number of controlling flip flops: 3
CE signal <la0/n14821>, number of controlling flip flops: 3
CE signal <la0/n15232>, number of controlling flip flops: 3
CE signal <la0/n15656>, number of controlling flip flops: 3
CE signal <la0/n16067>, number of controlling flip flops: 3
CE signal <la0/n16491>, number of controlling flip flops: 3
CE signal <la0/n16902>, number of controlling flip flops: 3
CE signal <la0/n17326>, number of controlling flip flops: 3
CE signal <la0/n17737>, number of controlling flip flops: 3
CE signal <la0/n18161>, number of controlling flip flops: 3
CE signal <la0/n18572>, number of controlling flip flops: 3
CE signal <la0/n18996>, number of controlling flip flops: 3
CE signal <la0/n19407>, number of controlling flip flops: 3
CE signal <la0/n19831>, number of controlling flip flops: 3
CE signal <la0/n20242>, number of controlling flip flops: 3
CE signal <la0/n20666>, number of controlling flip flops: 3
CE signal <la0/n21077>, number of controlling flip flops: 3
CE signal <la0/n21557>, number of controlling flip flops: 3
CE signal <la0/n21572>, number of controlling flip flops: 8
CE signal <la0/n21770>, number of controlling flip flops: 8
CE signal <la0/n21968>, number of controlling flip flops: 3
CE signal <la0/n21983>, number of controlling flip flops: 8
CE signal <la0/n22181>, number of controlling flip flops: 8
CE signal <la0/n22400>, number of controlling flip flops: 3
CE signal <la0/n22811>, number of controlling flip flops: 3
CE signal <la0/n23291>, number of controlling flip flops: 3
CE signal <la0/n23306>, number of controlling flip flops: 8
CE signal <la0/n23504>, number of controlling flip flops: 8
CE signal <la0/n23702>, number of controlling flip flops: 3
CE signal <la0/n23717>, number of controlling flip flops: 8
CE signal <la0/n23915>, number of controlling flip flops: 8
CE signal <la0/n24134>, number of controlling flip flops: 3
CE signal <la0/n24545>, number of controlling flip flops: 3
CE signal <la0/n35736>, number of controlling flip flops: 25
CE signal <la0/regsel_ld_en>, number of controlling flip flops: 13
CE signal <ceg_net221>, number of controlling flip flops: 32
CE signal <la0/la_biu_inst/n1696>, number of controlling flip flops: 4
CE signal <la0/la_biu_inst/n499>, number of controlling flip flops: 13
CE signal <la0/la_biu_inst/n2023>, number of controlling flip flops: 65
CE signal <ceg_net345>, number of controlling flip flops: 2
CE signal <ceg_net348>, number of controlling flip flops: 1
CE signal <la0/la_biu_inst/fifo_with_read_inst/is_last_data>, number of controlling flip flops: 10
CE signal <la0/la_biu_inst/fifo_pop>, number of controlling flip flops: 10
CE signal <la0/la_biu_inst/fifo_push>, number of controlling flip flops: 10
CE signal <~ceg_net450>, number of controlling flip flops: 22
CE signal <debug_hub_inst/n266>, number of controlling flip flops: 4
CE signal <debug_hub_inst/n95>, number of controlling flip flops: 82
### ### EFX_FF CE enables (end) ### ### ###

### ### EFX_FF SR set/reset (begin) ### ### ###
Total number of set/reset signals: 6
Total number of FFs with set/reset signals: 1454
SR signal <bscan_RESET>, number of controlling flip flops: 1321
SR signal <la0/la_soft_reset_in>, number of controlling flip flops: 2
SR signal <la0/la_resetn>, number of controlling flip flops: 78
SR signal <la0/la_biu_inst/fifo_rstn>, number of controlling flip flops: 21
SR signal <la0/la_biu_inst/fifo_with_read_inst/n1273>, number of controlling flip flops: 31
SR signal <la0/la_biu_inst/n2736>, number of controlling flip flops: 1
### ### EFX_FF SR set/reset (end) ### ### ###

### ### Sequential Elements Trimming Report (begin) ### ### ### 
FF|OPT : Flip-flop optimization by equivalence checking
@ "/home/tejas/Downloads/efinity/2023.2/project/WS2812_Custom/work_dbg/debug_top.v (5662)" removed instance : la0/GEN_PROBE[24].genblk7.genblk3.trigger_cu/i25
@ "/home/tejas/Downloads/efinity/2023.2/project/WS2812_Custom/work_dbg/debug_top.v (5601)" representative instance : la0/GEN_PROBE[24].genblk7.genblk3.trigger_cu/i5
FF|OPT : Flip-flop optimization by equivalence checking
@ "/home/tejas/Downloads/efinity/2023.2/project/WS2812_Custom/work_dbg/debug_top.v (5601)" removed instance : la0/GEN_PROBE[22].genblk7.genblk3.trigger_cu/i6
@ "/home/tejas/Downloads/efinity/2023.2/project/WS2812_Custom/work_dbg/debug_top.v (5601)" representative instance : la0/GEN_PROBE[24].genblk7.genblk3.trigger_cu/i6
FF|OPT : Flip-flop optimization by equivalence checking
@ "/home/tejas/Downloads/efinity/2023.2/project/WS2812_Custom/work_dbg/debug_top.v (5662)" removed instance : la0/GEN_PROBE[22].genblk7.genblk3.trigger_cu/i25
@ "/home/tejas/Downloads/efinity/2023.2/project/WS2812_Custom/work_dbg/debug_top.v (5601)" representative instance : la0/GEN_PROBE[22].genblk7.genblk3.trigger_cu/i5
FF|OPT : Flip-flop optimization by equivalence checking
@ "/home/tejas/Downloads/efinity/2023.2/project/WS2812_Custom/work_dbg/debug_top.v (5601)" removed instance : la0/GEN_PROBE[20].genblk7.genblk3.trigger_cu/i6
@ "/home/tejas/Downloads/efinity/2023.2/project/WS2812_Custom/work_dbg/debug_top.v (5601)" representative instance : la0/GEN_PROBE[24].genblk7.genblk3.trigger_cu/i6
FF|OPT : Flip-flop optimization by equivalence checking
@ "/home/tejas/Downloads/efinity/2023.2/project/WS2812_Custom/work_dbg/debug_top.v (5662)" removed instance : la0/GEN_PROBE[20].genblk7.genblk3.trigger_cu/i25
@ "/home/tejas/Downloads/efinity/2023.2/project/WS2812_Custom/work_dbg/debug_top.v (5601)" representative instance : la0/GEN_PROBE[20].genblk7.genblk3.trigger_cu/i5
FF|OPT : Flip-flop optimization by equivalence checking
@ "/home/tejas/Downloads/efinity/2023.2/project/WS2812_Custom/work_dbg/debug_top.v (5601)" removed instance : la0/GEN_PROBE[19].genblk7.genblk3.trigger_cu/i6
@ "/home/tejas/Downloads/efinity/2023.2/project/WS2812_Custom/work_dbg/debug_top.v (5601)" representative instance : la0/GEN_PROBE[24].genblk7.genblk3.trigger_cu/i6
FF|OPT : Flip-flop optimization by equivalence checking
@ "/home/tejas/Downloads/efinity/2023.2/project/WS2812_Custom/work_dbg/debug_top.v (5662)" removed instance : la0/GEN_PROBE[19].genblk7.genblk3.trigger_cu/i25
@ "/home/tejas/Downloads/efinity/2023.2/project/WS2812_Custom/work_dbg/debug_top.v (5601)" representative instance : la0/GEN_PROBE[19].genblk7.genblk3.trigger_cu/i5
FF|OPT : Flip-flop optimization by equivalence checking
@ "/home/tejas/Downloads/efinity/2023.2/project/WS2812_Custom/work_dbg/debug_top.v (5601)" removed instance : la0/GEN_PROBE[18].genblk7.genblk3.trigger_cu/i6
@ "/home/tejas/Downloads/efinity/2023.2/project/WS2812_Custom/work_dbg/debug_top.v (5601)" representative instance : la0/GEN_PROBE[24].genblk7.genblk3.trigger_cu/i6
FF|OPT : Flip-flop optimization by equivalence checking
@ "/home/tejas/Downloads/efinity/2023.2/project/WS2812_Custom/work_dbg/debug_top.v (5662)" removed instance : la0/GEN_PROBE[18].genblk7.genblk3.trigger_cu/i25
@ "/home/tejas/Downloads/efinity/2023.2/project/WS2812_Custom/work_dbg/debug_top.v (5601)" representative instance : la0/GEN_PROBE[18].genblk7.genblk3.trigger_cu/i5
FF|OPT : Flip-flop optimization by equivalence checking
@ "/home/tejas/Downloads/efinity/2023.2/project/WS2812_Custom/work_dbg/debug_top.v (5601)" removed instance : la0/GEN_PROBE[17].genblk7.genblk3.trigger_cu/i6
@ "/home/tejas/Downloads/efinity/2023.2/project/WS2812_Custom/work_dbg/debug_top.v (5601)" representative instance : la0/GEN_PROBE[24].genblk7.genblk3.trigger_cu/i6
FF|OPT : Flip-flop optimization by equivalence checking
@ "/home/tejas/Downloads/efinity/2023.2/project/WS2812_Custom/work_dbg/debug_top.v (5662)" removed instance : la0/GEN_PROBE[17].genblk7.genblk3.trigger_cu/i25
@ "/home/tejas/Downloads/efinity/2023.2/project/WS2812_Custom/work_dbg/debug_top.v (5601)" representative instance : la0/GEN_PROBE[17].genblk7.genblk3.trigger_cu/i5
FF|OPT : Flip-flop optimization by equivalence checking
@ "/home/tejas/Downloads/efinity/2023.2/project/WS2812_Custom/work_dbg/debug_top.v (5601)" removed instance : la0/GEN_PROBE[16].genblk7.genblk3.trigger_cu/i6
@ "/home/tejas/Downloads/efinity/2023.2/project/WS2812_Custom/work_dbg/debug_top.v (5601)" representative instance : la0/GEN_PROBE[24].genblk7.genblk3.trigger_cu/i6
FF|OPT : Flip-flop optimization by equivalence checking
@ "/home/tejas/Downloads/efinity/2023.2/project/WS2812_Custom/work_dbg/debug_top.v (5662)" removed instance : la0/GEN_PROBE[16].genblk7.genblk3.trigger_cu/i25
@ "/home/tejas/Downloads/efinity/2023.2/project/WS2812_Custom/work_dbg/debug_top.v (5601)" representative instance : la0/GEN_PROBE[16].genblk7.genblk3.trigger_cu/i5
FF|OPT : Flip-flop optimization by equivalence checking
@ "/home/tejas/Downloads/efinity/2023.2/project/WS2812_Custom/work_dbg/debug_top.v (5601)" removed instance : la0/GEN_PROBE[15].genblk7.genblk3.trigger_cu/i6
@ "/home/tejas/Downloads/efinity/2023.2/project/WS2812_Custom/work_dbg/debug_top.v (5601)" representative instance : la0/GEN_PROBE[24].genblk7.genblk3.trigger_cu/i6
FF|OPT : Flip-flop optimization by equivalence checking
@ "/home/tejas/Downloads/efinity/2023.2/project/WS2812_Custom/work_dbg/debug_top.v (5662)" removed instance : la0/GEN_PROBE[15].genblk7.genblk3.trigger_cu/i25
@ "/home/tejas/Downloads/efinity/2023.2/project/WS2812_Custom/work_dbg/debug_top.v (5601)" representative instance : la0/GEN_PROBE[15].genblk7.genblk3.trigger_cu/i5
FF|OPT : Flip-flop optimization by equivalence checking
@ "/home/tejas/Downloads/efinity/2023.2/project/WS2812_Custom/work_dbg/debug_top.v (5601)" removed instance : la0/GEN_PROBE[14].genblk7.genblk3.trigger_cu/i6
@ "/home/tejas/Downloads/efinity/2023.2/project/WS2812_Custom/work_dbg/debug_top.v (5601)" representative instance : la0/GEN_PROBE[24].genblk7.genblk3.trigger_cu/i6
FF|OPT : Flip-flop optimization by equivalence checking
@ "/home/tejas/Downloads/efinity/2023.2/project/WS2812_Custom/work_dbg/debug_top.v (5662)" removed instance : la0/GEN_PROBE[14].genblk7.genblk3.trigger_cu/i25
@ "/home/tejas/Downloads/efinity/2023.2/project/WS2812_Custom/work_dbg/debug_top.v (5601)" representative instance : la0/GEN_PROBE[14].genblk7.genblk3.trigger_cu/i5
FF|OPT : Flip-flop optimization by equivalence checking
@ "/home/tejas/Downloads/efinity/2023.2/project/WS2812_Custom/work_dbg/debug_top.v (5601)" removed instance : la0/GEN_PROBE[13].genblk7.genblk3.trigger_cu/i6
@ "/home/tejas/Downloads/efinity/2023.2/project/WS2812_Custom/work_dbg/debug_top.v (5601)" representative instance : la0/GEN_PROBE[24].genblk7.genblk3.trigger_cu/i6
FF|OPT : Flip-flop optimization by equivalence checking
@ "/home/tejas/Downloads/efinity/2023.2/project/WS2812_Custom/work_dbg/debug_top.v (5662)" removed instance : la0/GEN_PROBE[13].genblk7.genblk3.trigger_cu/i25
@ "/home/tejas/Downloads/efinity/2023.2/project/WS2812_Custom/work_dbg/debug_top.v (5601)" representative instance : la0/GEN_PROBE[13].genblk7.genblk3.trigger_cu/i5
FF|OPT : Flip-flop optimization by equivalence checking
@ "/home/tejas/Downloads/efinity/2023.2/project/WS2812_Custom/work_dbg/debug_top.v (5601)" removed instance : la0/GEN_PROBE[12].genblk7.genblk3.trigger_cu/i6
@ "/home/tejas/Downloads/efinity/2023.2/project/WS2812_Custom/work_dbg/debug_top.v (5601)" representative instance : la0/GEN_PROBE[24].genblk7.genblk3.trigger_cu/i6
FF|OPT : Flip-flop optimization by equivalence checking
@ "/home/tejas/Downloads/efinity/2023.2/project/WS2812_Custom/work_dbg/debug_top.v (5662)" removed instance : la0/GEN_PROBE[12].genblk7.genblk3.trigger_cu/i25
@ "/home/tejas/Downloads/efinity/2023.2/project/WS2812_Custom/work_dbg/debug_top.v (5601)" representative instance : la0/GEN_PROBE[12].genblk7.genblk3.trigger_cu/i5
FF|OPT : Flip-flop optimization by equivalence checking
@ "/home/tejas/Downloads/efinity/2023.2/project/WS2812_Custom/work_dbg/debug_top.v (5601)" removed instance : la0/GEN_PROBE[9].genblk7.genblk3.trigger_cu/i6
@ "/home/tejas/Downloads/efinity/2023.2/project/WS2812_Custom/work_dbg/debug_top.v (5601)" representative instance : la0/GEN_PROBE[24].genblk7.genblk3.trigger_cu/i6
FF|OPT : Flip-flop optimization by equivalence checking
@ "/home/tejas/Downloads/efinity/2023.2/project/WS2812_Custom/work_dbg/debug_top.v (5662)" removed instance : la0/GEN_PROBE[9].genblk7.genblk3.trigger_cu/i25
@ "/home/tejas/Downloads/efinity/2023.2/project/WS2812_Custom/work_dbg/debug_top.v (5601)" representative instance : la0/GEN_PROBE[9].genblk7.genblk3.trigger_cu/i5
FF|OPT : Flip-flop optimization by equivalence checking
@ "/home/tejas/Downloads/efinity/2023.2/project/WS2812_Custom/work_dbg/debug_top.v (5601)" removed instance : la0/GEN_PROBE[7].genblk7.genblk3.trigger_cu/i6
@ "/home/tejas/Downloads/efinity/2023.2/project/WS2812_Custom/work_dbg/debug_top.v (5601)" representative instance : la0/GEN_PROBE[24].genblk7.genblk3.trigger_cu/i6
FF|OPT : Flip-flop optimization by equivalence checking
@ "/home/tejas/Downloads/efinity/2023.2/project/WS2812_Custom/work_dbg/debug_top.v (5662)" removed instance : la0/GEN_PROBE[7].genblk7.genblk3.trigger_cu/i25
@ "/home/tejas/Downloads/efinity/2023.2/project/WS2812_Custom/work_dbg/debug_top.v (5601)" representative instance : la0/GEN_PROBE[7].genblk7.genblk3.trigger_cu/i5
FF|OPT : Flip-flop optimization by equivalence checking
@ "/home/tejas/Downloads/efinity/2023.2/project/WS2812_Custom/work_dbg/debug_top.v (5601)" removed instance : la0/GEN_PROBE[6].genblk7.genblk3.trigger_cu/i6
@ "/home/tejas/Downloads/efinity/2023.2/project/WS2812_Custom/work_dbg/debug_top.v (5601)" representative instance : la0/GEN_PROBE[24].genblk7.genblk3.trigger_cu/i6
FF|OPT : Flip-flop optimization by equivalence checking
@ "/home/tejas/Downloads/efinity/2023.2/project/WS2812_Custom/work_dbg/debug_top.v (5662)" removed instance : la0/GEN_PROBE[6].genblk7.genblk3.trigger_cu/i25
@ "/home/tejas/Downloads/efinity/2023.2/project/WS2812_Custom/work_dbg/debug_top.v (5601)" representative instance : la0/GEN_PROBE[6].genblk7.genblk3.trigger_cu/i5
FF|OPT : Flip-flop optimization by equivalence checking
@ "/home/tejas/Downloads/efinity/2023.2/project/WS2812_Custom/work_dbg/debug_top.v (5601)" removed instance : la0/GEN_PROBE[1].genblk7.genblk3.trigger_cu/i6
@ "/home/tejas/Downloads/efinity/2023.2/project/WS2812_Custom/work_dbg/debug_top.v (5601)" representative instance : la0/GEN_PROBE[24].genblk7.genblk3.trigger_cu/i6
FF|OPT : Flip-flop optimization by equivalence checking
@ "/home/tejas/Downloads/efinity/2023.2/project/WS2812_Custom/work_dbg/debug_top.v (5662)" removed instance : la0/GEN_PROBE[1].genblk7.genblk3.trigger_cu/i25
@ "/home/tejas/Downloads/efinity/2023.2/project/WS2812_Custom/work_dbg/debug_top.v (5601)" representative instance : la0/GEN_PROBE[1].genblk7.genblk3.trigger_cu/i5
FF|OPT : Flip-flop optimization by equivalence checking
@ "/home/tejas/Downloads/efinity/2023.2/project/WS2812_Custom/work_dbg/debug_top.v (5601)" removed instance : la0/GEN_PROBE[24].genblk7.genblk2.genblk1.capture_cu/i5
@ "/home/tejas/Downloads/efinity/2023.2/project/WS2812_Custom/work_dbg/debug_top.v (5601)" representative instance : la0/GEN_PROBE[24].genblk7.genblk3.trigger_cu/i5
FF|OPT : Flip-flop optimization by equivalence checking
@ "/home/tejas/Downloads/efinity/2023.2/project/WS2812_Custom/work_dbg/debug_top.v (5601)" removed instance : la0/GEN_PROBE[24].genblk7.genblk2.genblk1.capture_cu/i6
@ "/home/tejas/Downloads/efinity/2023.2/project/WS2812_Custom/work_dbg/debug_top.v (5601)" representative instance : la0/GEN_PROBE[24].genblk7.genblk3.trigger_cu/i6
FF|OPT : Flip-flop optimization by equivalence checking
@ "/home/tejas/Downloads/efinity/2023.2/project/WS2812_Custom/work_dbg/debug_top.v (5662)" removed instance : la0/GEN_PROBE[24].genblk7.genblk2.genblk1.capture_cu/i25
@ "/home/tejas/Downloads/efinity/2023.2/project/WS2812_Custom/work_dbg/debug_top.v (5601)" representative instance : la0/GEN_PROBE[24].genblk7.genblk3.trigger_cu/i5
FF|OPT : Flip-flop optimization by equivalence checking
@ "/home/tejas/Downloads/efinity/2023.2/project/WS2812_Custom/work_dbg/debug_top.v (5662)" removed instance : la0/GEN_PROBE[24].genblk7.genblk2.genblk1.capture_cu/i24
@ "/home/tejas/Downloads/efinity/2023.2/project/WS2812_Custom/work_dbg/debug_top.v (5662)" representative instance : la0/GEN_PROBE[24].genblk7.genblk3.trigger_cu/i24
FF|OPT : Flip-flop optimization by equivalence checking
@ "/home/tejas/Downloads/efinity/2023.2/project/WS2812_Custom/work_dbg/debug_top.v (5601)" removed instance : la0/GEN_PROBE[22].genblk7.genblk2.genblk1.capture_cu/i5
@ "/home/tejas/Downloads/efinity/2023.2/project/WS2812_Custom/work_dbg/debug_top.v (5601)" representative instance : la0/GEN_PROBE[22].genblk7.genblk3.trigger_cu/i5
FF|OPT : Flip-flop optimization by equivalence checking
@ "/home/tejas/Downloads/efinity/2023.2/project/WS2812_Custom/work_dbg/debug_top.v (5601)" removed instance : la0/GEN_PROBE[22].genblk7.genblk2.genblk1.capture_cu/i6
@ "/home/tejas/Downloads/efinity/2023.2/project/WS2812_Custom/work_dbg/debug_top.v (5601)" representative instance : la0/GEN_PROBE[24].genblk7.genblk3.trigger_cu/i6
FF|OPT : Flip-flop optimization by equivalence checking
@ "/home/tejas/Downloads/efinity/2023.2/project/WS2812_Custom/work_dbg/debug_top.v (5662)" removed instance : la0/GEN_PROBE[22].genblk7.genblk2.genblk1.capture_cu/i25
@ "/home/tejas/Downloads/efinity/2023.2/project/WS2812_Custom/work_dbg/debug_top.v (5601)" representative instance : la0/GEN_PROBE[22].genblk7.genblk3.trigger_cu/i5
FF|OPT : Flip-flop optimization by equivalence checking
@ "/home/tejas/Downloads/efinity/2023.2/project/WS2812_Custom/work_dbg/debug_top.v (5662)" removed instance : la0/GEN_PROBE[22].genblk7.genblk2.genblk1.capture_cu/i24
@ "/home/tejas/Downloads/efinity/2023.2/project/WS2812_Custom/work_dbg/debug_top.v (5662)" representative instance : la0/GEN_PROBE[22].genblk7.genblk3.trigger_cu/i24
FF|OPT : Flip-flop optimization by equivalence checking
@ "/home/tejas/Downloads/efinity/2023.2/project/WS2812_Custom/work_dbg/debug_top.v (5601)" removed instance : la0/GEN_PROBE[20].genblk7.genblk2.genblk1.capture_cu/i5
@ "/home/tejas/Downloads/efinity/2023.2/project/WS2812_Custom/work_dbg/debug_top.v (5601)" representative instance : la0/GEN_PROBE[20].genblk7.genblk3.trigger_cu/i5
FF|OPT : Flip-flop optimization by equivalence checking
@ "/home/tejas/Downloads/efinity/2023.2/project/WS2812_Custom/work_dbg/debug_top.v (5601)" removed instance : la0/GEN_PROBE[20].genblk7.genblk2.genblk1.capture_cu/i6
@ "/home/tejas/Downloads/efinity/2023.2/project/WS2812_Custom/work_dbg/debug_top.v (5601)" representative instance : la0/GEN_PROBE[24].genblk7.genblk3.trigger_cu/i6
FF|OPT : Flip-flop optimization by equivalence checking
@ "/home/tejas/Downloads/efinity/2023.2/project/WS2812_Custom/work_dbg/debug_top.v (5662)" removed instance : la0/GEN_PROBE[20].genblk7.genblk2.genblk1.capture_cu/i25
@ "/home/tejas/Downloads/efinity/2023.2/project/WS2812_Custom/work_dbg/debug_top.v (5601)" representative instance : la0/GEN_PROBE[20].genblk7.genblk3.trigger_cu/i5
FF|OPT : Flip-flop optimization by equivalence checking
@ "/home/tejas/Downloads/efinity/2023.2/project/WS2812_Custom/work_dbg/debug_top.v (5662)" removed instance : la0/GEN_PROBE[20].genblk7.genblk2.genblk1.capture_cu/i24
@ "/home/tejas/Downloads/efinity/2023.2/project/WS2812_Custom/work_dbg/debug_top.v (5662)" representative instance : la0/GEN_PROBE[20].genblk7.genblk3.trigger_cu/i24
FF|OPT : Flip-flop optimization by equivalence checking
@ "/home/tejas/Downloads/efinity/2023.2/project/WS2812_Custom/work_dbg/debug_top.v (5601)" removed instance : la0/GEN_PROBE[19].genblk7.genblk2.genblk1.capture_cu/i5
@ "/home/tejas/Downloads/efinity/2023.2/project/WS2812_Custom/work_dbg/debug_top.v (5601)" representative instance : la0/GEN_PROBE[19].genblk7.genblk3.trigger_cu/i5
FF|OPT : Flip-flop optimization by equivalence checking
@ "/home/tejas/Downloads/efinity/2023.2/project/WS2812_Custom/work_dbg/debug_top.v (5601)" removed instance : la0/GEN_PROBE[19].genblk7.genblk2.genblk1.capture_cu/i6
@ "/home/tejas/Downloads/efinity/2023.2/project/WS2812_Custom/work_dbg/debug_top.v (5601)" representative instance : la0/GEN_PROBE[24].genblk7.genblk3.trigger_cu/i6
FF|OPT : Flip-flop optimization by equivalence checking
@ "/home/tejas/Downloads/efinity/2023.2/project/WS2812_Custom/work_dbg/debug_top.v (5662)" removed instance : la0/GEN_PROBE[19].genblk7.genblk2.genblk1.capture_cu/i25
@ "/home/tejas/Downloads/efinity/2023.2/project/WS2812_Custom/work_dbg/debug_top.v (5601)" representative instance : la0/GEN_PROBE[19].genblk7.genblk3.trigger_cu/i5
FF|OPT : Flip-flop optimization by equivalence checking
@ "/home/tejas/Downloads/efinity/2023.2/project/WS2812_Custom/work_dbg/debug_top.v (5662)" removed instance : la0/GEN_PROBE[19].genblk7.genblk2.genblk1.capture_cu/i24
@ "/home/tejas/Downloads/efinity/2023.2/project/WS2812_Custom/work_dbg/debug_top.v (5662)" representative instance : la0/GEN_PROBE[19].genblk7.genblk3.trigger_cu/i24
FF|OPT : Flip-flop optimization by equivalence checking
@ "/home/tejas/Downloads/efinity/2023.2/project/WS2812_Custom/work_dbg/debug_top.v (5601)" removed instance : la0/GEN_PROBE[18].genblk7.genblk2.genblk1.capture_cu/i5
@ "/home/tejas/Downloads/efinity/2023.2/project/WS2812_Custom/work_dbg/debug_top.v (5601)" representative instance : la0/GEN_PROBE[18].genblk7.genblk3.trigger_cu/i5
FF|OPT : Flip-flop optimization by equivalence checking
@ "/home/tejas/Downloads/efinity/2023.2/project/WS2812_Custom/work_dbg/debug_top.v (5601)" removed instance : la0/GEN_PROBE[18].genblk7.genblk2.genblk1.capture_cu/i6
@ "/home/tejas/Downloads/efinity/2023.2/project/WS2812_Custom/work_dbg/debug_top.v (5601)" representative instance : la0/GEN_PROBE[24].genblk7.genblk3.trigger_cu/i6
FF|OPT : Flip-flop optimization by equivalence checking
@ "/home/tejas/Downloads/efinity/2023.2/project/WS2812_Custom/work_dbg/debug_top.v (5662)" removed instance : la0/GEN_PROBE[18].genblk7.genblk2.genblk1.capture_cu/i25
@ "/home/tejas/Downloads/efinity/2023.2/project/WS2812_Custom/work_dbg/debug_top.v (5601)" representative instance : la0/GEN_PROBE[18].genblk7.genblk3.trigger_cu/i5
FF|OPT : Flip-flop optimization by equivalence checking
@ "/home/tejas/Downloads/efinity/2023.2/project/WS2812_Custom/work_dbg/debug_top.v (5662)" removed instance : la0/GEN_PROBE[18].genblk7.genblk2.genblk1.capture_cu/i24
@ "/home/tejas/Downloads/efinity/2023.2/project/WS2812_Custom/work_dbg/debug_top.v (5662)" representative instance : la0/GEN_PROBE[18].genblk7.genblk3.trigger_cu/i24
FF|OPT : Flip-flop optimization by equivalence checking
@ "/home/tejas/Downloads/efinity/2023.2/project/WS2812_Custom/work_dbg/debug_top.v (5601)" removed instance : la0/GEN_PROBE[17].genblk7.genblk2.genblk1.capture_cu/i5
@ "/home/tejas/Downloads/efinity/2023.2/project/WS2812_Custom/work_dbg/debug_top.v (5601)" representative instance : la0/GEN_PROBE[17].genblk7.genblk3.trigger_cu/i5
FF|OPT : Flip-flop optimization by equivalence checking
@ "/home/tejas/Downloads/efinity/2023.2/project/WS2812_Custom/work_dbg/debug_top.v (5601)" removed instance : la0/GEN_PROBE[17].genblk7.genblk2.genblk1.capture_cu/i6
@ "/home/tejas/Downloads/efinity/2023.2/project/WS2812_Custom/work_dbg/debug_top.v (5601)" representative instance : la0/GEN_PROBE[24].genblk7.genblk3.trigger_cu/i6
FF|OPT : Flip-flop optimization by equivalence checking
@ "/home/tejas/Downloads/efinity/2023.2/project/WS2812_Custom/work_dbg/debug_top.v (5662)" removed instance : la0/GEN_PROBE[17].genblk7.genblk2.genblk1.capture_cu/i25
@ "/home/tejas/Downloads/efinity/2023.2/project/WS2812_Custom/work_dbg/debug_top.v (5601)" representative instance : la0/GEN_PROBE[17].genblk7.genblk3.trigger_cu/i5
FF|OPT : Flip-flop optimization by equivalence checking
@ "/home/tejas/Downloads/efinity/2023.2/project/WS2812_Custom/work_dbg/debug_top.v (5662)" removed instance : la0/GEN_PROBE[17].genblk7.genblk2.genblk1.capture_cu/i24
@ "/home/tejas/Downloads/efinity/2023.2/project/WS2812_Custom/work_dbg/debug_top.v (5662)" representative instance : la0/GEN_PROBE[17].genblk7.genblk3.trigger_cu/i24
FF|OPT : Flip-flop optimization by equivalence checking
@ "/home/tejas/Downloads/efinity/2023.2/project/WS2812_Custom/work_dbg/debug_top.v (5601)" removed instance : la0/GEN_PROBE[16].genblk7.genblk2.genblk1.capture_cu/i5
@ "/home/tejas/Downloads/efinity/2023.2/project/WS2812_Custom/work_dbg/debug_top.v (5601)" representative instance : la0/GEN_PROBE[16].genblk7.genblk3.trigger_cu/i5
FF|OPT : Flip-flop optimization by equivalence checking
@ "/home/tejas/Downloads/efinity/2023.2/project/WS2812_Custom/work_dbg/debug_top.v (5601)" removed instance : la0/GEN_PROBE[16].genblk7.genblk2.genblk1.capture_cu/i6
@ "/home/tejas/Downloads/efinity/2023.2/project/WS2812_Custom/work_dbg/debug_top.v (5601)" representative instance : la0/GEN_PROBE[24].genblk7.genblk3.trigger_cu/i6
FF|OPT : Flip-flop optimization by equivalence checking
@ "/home/tejas/Downloads/efinity/2023.2/project/WS2812_Custom/work_dbg/debug_top.v (5662)" removed instance : la0/GEN_PROBE[16].genblk7.genblk2.genblk1.capture_cu/i25
@ "/home/tejas/Downloads/efinity/2023.2/project/WS2812_Custom/work_dbg/debug_top.v (5601)" representative instance : la0/GEN_PROBE[16].genblk7.genblk3.trigger_cu/i5
FF|OPT : Flip-flop optimization by equivalence checking
@ "/home/tejas/Downloads/efinity/2023.2/project/WS2812_Custom/work_dbg/debug_top.v (5662)" removed instance : la0/GEN_PROBE[16].genblk7.genblk2.genblk1.capture_cu/i24
@ "/home/tejas/Downloads/efinity/2023.2/project/WS2812_Custom/work_dbg/debug_top.v (5662)" representative instance : la0/GEN_PROBE[16].genblk7.genblk3.trigger_cu/i24
FF|OPT : Flip-flop optimization by equivalence checking
@ "/home/tejas/Downloads/efinity/2023.2/project/WS2812_Custom/work_dbg/debug_top.v (5601)" removed instance : la0/GEN_PROBE[15].genblk7.genblk2.genblk1.capture_cu/i5
@ "/home/tejas/Downloads/efinity/2023.2/project/WS2812_Custom/work_dbg/debug_top.v (5601)" representative instance : la0/GEN_PROBE[15].genblk7.genblk3.trigger_cu/i5
FF|OPT : Flip-flop optimization by equivalence checking
@ "/home/tejas/Downloads/efinity/2023.2/project/WS2812_Custom/work_dbg/debug_top.v (5601)" removed instance : la0/GEN_PROBE[15].genblk7.genblk2.genblk1.capture_cu/i6
@ "/home/tejas/Downloads/efinity/2023.2/project/WS2812_Custom/work_dbg/debug_top.v (5601)" representative instance : la0/GEN_PROBE[24].genblk7.genblk3.trigger_cu/i6
FF|OPT : Flip-flop optimization by equivalence checking
@ "/home/tejas/Downloads/efinity/2023.2/project/WS2812_Custom/work_dbg/debug_top.v (5662)" removed instance : la0/GEN_PROBE[15].genblk7.genblk2.genblk1.capture_cu/i25
@ "/home/tejas/Downloads/efinity/2023.2/project/WS2812_Custom/work_dbg/debug_top.v (5601)" representative instance : la0/GEN_PROBE[15].genblk7.genblk3.trigger_cu/i5
FF|OPT : Flip-flop optimization by equivalence checking
@ "/home/tejas/Downloads/efinity/2023.2/project/WS2812_Custom/work_dbg/debug_top.v (5662)" removed instance : la0/GEN_PROBE[15].genblk7.genblk2.genblk1.capture_cu/i24
@ "/home/tejas/Downloads/efinity/2023.2/project/WS2812_Custom/work_dbg/debug_top.v (5662)" representative instance : la0/GEN_PROBE[15].genblk7.genblk3.trigger_cu/i24
FF|OPT : Flip-flop optimization by equivalence checking
@ "/home/tejas/Downloads/efinity/2023.2/project/WS2812_Custom/work_dbg/debug_top.v (5601)" removed instance : la0/GEN_PROBE[14].genblk7.genblk2.genblk1.capture_cu/i5
@ "/home/tejas/Downloads/efinity/2023.2/project/WS2812_Custom/work_dbg/debug_top.v (5601)" representative instance : la0/GEN_PROBE[14].genblk7.genblk3.trigger_cu/i5
FF|OPT : Flip-flop optimization by equivalence checking
@ "/home/tejas/Downloads/efinity/2023.2/project/WS2812_Custom/work_dbg/debug_top.v (5601)" removed instance : la0/GEN_PROBE[14].genblk7.genblk2.genblk1.capture_cu/i6
@ "/home/tejas/Downloads/efinity/2023.2/project/WS2812_Custom/work_dbg/debug_top.v (5601)" representative instance : la0/GEN_PROBE[24].genblk7.genblk3.trigger_cu/i6
FF|OPT : Flip-flop optimization by equivalence checking
@ "/home/tejas/Downloads/efinity/2023.2/project/WS2812_Custom/work_dbg/debug_top.v (5662)" removed instance : la0/GEN_PROBE[14].genblk7.genblk2.genblk1.capture_cu/i25
@ "/home/tejas/Downloads/efinity/2023.2/project/WS2812_Custom/work_dbg/debug_top.v (5601)" representative instance : la0/GEN_PROBE[14].genblk7.genblk3.trigger_cu/i5
FF|OPT : Flip-flop optimization by equivalence checking
@ "/home/tejas/Downloads/efinity/2023.2/project/WS2812_Custom/work_dbg/debug_top.v (5662)" removed instance : la0/GEN_PROBE[14].genblk7.genblk2.genblk1.capture_cu/i24
@ "/home/tejas/Downloads/efinity/2023.2/project/WS2812_Custom/work_dbg/debug_top.v (5662)" representative instance : la0/GEN_PROBE[14].genblk7.genblk3.trigger_cu/i24
FF|OPT : Flip-flop optimization by equivalence checking
@ "/home/tejas/Downloads/efinity/2023.2/project/WS2812_Custom/work_dbg/debug_top.v (5601)" removed instance : la0/GEN_PROBE[13].genblk7.genblk2.genblk1.capture_cu/i5
@ "/home/tejas/Downloads/efinity/2023.2/project/WS2812_Custom/work_dbg/debug_top.v (5601)" representative instance : la0/GEN_PROBE[13].genblk7.genblk3.trigger_cu/i5
FF|OPT : Flip-flop optimization by equivalence checking
@ "/home/tejas/Downloads/efinity/2023.2/project/WS2812_Custom/work_dbg/debug_top.v (5601)" removed instance : la0/GEN_PROBE[13].genblk7.genblk2.genblk1.capture_cu/i6
@ "/home/tejas/Downloads/efinity/2023.2/project/WS2812_Custom/work_dbg/debug_top.v (5601)" representative instance : la0/GEN_PROBE[24].genblk7.genblk3.trigger_cu/i6
FF|OPT : Flip-flop optimization by equivalence checking
@ "/home/tejas/Downloads/efinity/2023.2/project/WS2812_Custom/work_dbg/debug_top.v (5662)" removed instance : la0/GEN_PROBE[13].genblk7.genblk2.genblk1.capture_cu/i25
@ "/home/tejas/Downloads/efinity/2023.2/project/WS2812_Custom/work_dbg/debug_top.v (5601)" representative instance : la0/GEN_PROBE[13].genblk7.genblk3.trigger_cu/i5
FF|OPT : Flip-flop optimization by equivalence checking
@ "/home/tejas/Downloads/efinity/2023.2/project/WS2812_Custom/work_dbg/debug_top.v (5662)" removed instance : la0/GEN_PROBE[13].genblk7.genblk2.genblk1.capture_cu/i24
@ "/home/tejas/Downloads/efinity/2023.2/project/WS2812_Custom/work_dbg/debug_top.v (5662)" representative instance : la0/GEN_PROBE[13].genblk7.genblk3.trigger_cu/i24
FF|OPT : Flip-flop optimization by equivalence checking
@ "/home/tejas/Downloads/efinity/2023.2/project/WS2812_Custom/work_dbg/debug_top.v (5601)" removed instance : la0/GEN_PROBE[12].genblk7.genblk2.genblk1.capture_cu/i5
@ "/home/tejas/Downloads/efinity/2023.2/project/WS2812_Custom/work_dbg/debug_top.v (5601)" representative instance : la0/GEN_PROBE[12].genblk7.genblk3.trigger_cu/i5
FF|OPT : Flip-flop optimization by equivalence checking
@ "/home/tejas/Downloads/efinity/2023.2/project/WS2812_Custom/work_dbg/debug_top.v (5601)" removed instance : la0/GEN_PROBE[12].genblk7.genblk2.genblk1.capture_cu/i6
@ "/home/tejas/Downloads/efinity/2023.2/project/WS2812_Custom/work_dbg/debug_top.v (5601)" representative instance : la0/GEN_PROBE[24].genblk7.genblk3.trigger_cu/i6
FF|OPT : Flip-flop optimization by equivalence checking
@ "/home/tejas/Downloads/efinity/2023.2/project/WS2812_Custom/work_dbg/debug_top.v (5662)" removed instance : la0/GEN_PROBE[12].genblk7.genblk2.genblk1.capture_cu/i25
@ "/home/tejas/Downloads/efinity/2023.2/project/WS2812_Custom/work_dbg/debug_top.v (5601)" representative instance : la0/GEN_PROBE[12].genblk7.genblk3.trigger_cu/i5
FF|OPT : Flip-flop optimization by equivalence checking
@ "/home/tejas/Downloads/efinity/2023.2/project/WS2812_Custom/work_dbg/debug_top.v (5662)" removed instance : la0/GEN_PROBE[12].genblk7.genblk2.genblk1.capture_cu/i24
@ "/home/tejas/Downloads/efinity/2023.2/project/WS2812_Custom/work_dbg/debug_top.v (5662)" representative instance : la0/GEN_PROBE[12].genblk7.genblk3.trigger_cu/i24
FF|OPT : Flip-flop optimization by equivalence checking
@ "/home/tejas/Downloads/efinity/2023.2/project/WS2812_Custom/work_dbg/debug_top.v (5601)" removed instance : la0/GEN_PROBE[9].genblk7.genblk2.genblk1.capture_cu/i5
@ "/home/tejas/Downloads/efinity/2023.2/project/WS2812_Custom/work_dbg/debug_top.v (5601)" representative instance : la0/GEN_PROBE[9].genblk7.genblk3.trigger_cu/i5
FF|OPT : Flip-flop optimization by equivalence checking
@ "/home/tejas/Downloads/efinity/2023.2/project/WS2812_Custom/work_dbg/debug_top.v (5601)" removed instance : la0/GEN_PROBE[9].genblk7.genblk2.genblk1.capture_cu/i6
@ "/home/tejas/Downloads/efinity/2023.2/project/WS2812_Custom/work_dbg/debug_top.v (5601)" representative instance : la0/GEN_PROBE[24].genblk7.genblk3.trigger_cu/i6
FF|OPT : Flip-flop optimization by equivalence checking
@ "/home/tejas/Downloads/efinity/2023.2/project/WS2812_Custom/work_dbg/debug_top.v (5662)" removed instance : la0/GEN_PROBE[9].genblk7.genblk2.genblk1.capture_cu/i25
@ "/home/tejas/Downloads/efinity/2023.2/project/WS2812_Custom/work_dbg/debug_top.v (5601)" representative instance : la0/GEN_PROBE[9].genblk7.genblk3.trigger_cu/i5
FF|OPT : Flip-flop optimization by equivalence checking
@ "/home/tejas/Downloads/efinity/2023.2/project/WS2812_Custom/work_dbg/debug_top.v (5662)" removed instance : la0/GEN_PROBE[9].genblk7.genblk2.genblk1.capture_cu/i24
@ "/home/tejas/Downloads/efinity/2023.2/project/WS2812_Custom/work_dbg/debug_top.v (5662)" representative instance : la0/GEN_PROBE[9].genblk7.genblk3.trigger_cu/i24
FF|OPT : Flip-flop optimization by equivalence checking
@ "/home/tejas/Downloads/efinity/2023.2/project/WS2812_Custom/work_dbg/debug_top.v (5601)" removed instance : la0/GEN_PROBE[7].genblk7.genblk2.genblk1.capture_cu/i5
@ "/home/tejas/Downloads/efinity/2023.2/project/WS2812_Custom/work_dbg/debug_top.v (5601)" representative instance : la0/GEN_PROBE[7].genblk7.genblk3.trigger_cu/i5
FF|OPT : Flip-flop optimization by equivalence checking
@ "/home/tejas/Downloads/efinity/2023.2/project/WS2812_Custom/work_dbg/debug_top.v (5601)" removed instance : la0/GEN_PROBE[7].genblk7.genblk2.genblk1.capture_cu/i6
@ "/home/tejas/Downloads/efinity/2023.2/project/WS2812_Custom/work_dbg/debug_top.v (5601)" representative instance : la0/GEN_PROBE[24].genblk7.genblk3.trigger_cu/i6
FF|OPT : Flip-flop optimization by equivalence checking
@ "/home/tejas/Downloads/efinity/2023.2/project/WS2812_Custom/work_dbg/debug_top.v (5662)" removed instance : la0/GEN_PROBE[7].genblk7.genblk2.genblk1.capture_cu/i25
@ "/home/tejas/Downloads/efinity/2023.2/project/WS2812_Custom/work_dbg/debug_top.v (5601)" representative instance : la0/GEN_PROBE[7].genblk7.genblk3.trigger_cu/i5
FF|OPT : Flip-flop optimization by equivalence checking
@ "/home/tejas/Downloads/efinity/2023.2/project/WS2812_Custom/work_dbg/debug_top.v (5662)" removed instance : la0/GEN_PROBE[7].genblk7.genblk2.genblk1.capture_cu/i24
@ "/home/tejas/Downloads/efinity/2023.2/project/WS2812_Custom/work_dbg/debug_top.v (5662)" representative instance : la0/GEN_PROBE[7].genblk7.genblk3.trigger_cu/i24
FF|OPT : Flip-flop optimization by equivalence checking
@ "/home/tejas/Downloads/efinity/2023.2/project/WS2812_Custom/work_dbg/debug_top.v (5601)" removed instance : la0/GEN_PROBE[6].genblk7.genblk2.genblk1.capture_cu/i5
@ "/home/tejas/Downloads/efinity/2023.2/project/WS2812_Custom/work_dbg/debug_top.v (5601)" representative instance : la0/GEN_PROBE[6].genblk7.genblk3.trigger_cu/i5
FF|OPT : Flip-flop optimization by equivalence checking
@ "/home/tejas/Downloads/efinity/2023.2/project/WS2812_Custom/work_dbg/debug_top.v (5601)" removed instance : la0/GEN_PROBE[6].genblk7.genblk2.genblk1.capture_cu/i6
@ "/home/tejas/Downloads/efinity/2023.2/project/WS2812_Custom/work_dbg/debug_top.v (5601)" representative instance : la0/GEN_PROBE[24].genblk7.genblk3.trigger_cu/i6
FF|OPT : Flip-flop optimization by equivalence checking
@ "/home/tejas/Downloads/efinity/2023.2/project/WS2812_Custom/work_dbg/debug_top.v (5662)" removed instance : la0/GEN_PROBE[6].genblk7.genblk2.genblk1.capture_cu/i25
@ "/home/tejas/Downloads/efinity/2023.2/project/WS2812_Custom/work_dbg/debug_top.v (5601)" representative instance : la0/GEN_PROBE[6].genblk7.genblk3.trigger_cu/i5
FF|OPT : Flip-flop optimization by equivalence checking
@ "/home/tejas/Downloads/efinity/2023.2/project/WS2812_Custom/work_dbg/debug_top.v (5662)" removed instance : la0/GEN_PROBE[6].genblk7.genblk2.genblk1.capture_cu/i24
@ "/home/tejas/Downloads/efinity/2023.2/project/WS2812_Custom/work_dbg/debug_top.v (5662)" representative instance : la0/GEN_PROBE[6].genblk7.genblk3.trigger_cu/i24
FF|OPT : Flip-flop optimization by equivalence checking
@ "/home/tejas/Downloads/efinity/2023.2/project/WS2812_Custom/work_dbg/debug_top.v (5601)" removed instance : la0/GEN_PROBE[1].genblk7.genblk2.genblk1.capture_cu/i5
@ "/home/tejas/Downloads/efinity/2023.2/project/WS2812_Custom/work_dbg/debug_top.v (5601)" representative instance : la0/GEN_PROBE[1].genblk7.genblk3.trigger_cu/i5
FF|OPT : Flip-flop optimization by equivalence checking
@ "/home/tejas/Downloads/efinity/2023.2/project/WS2812_Custom/work_dbg/debug_top.v (5601)" removed instance : la0/GEN_PROBE[1].genblk7.genblk2.genblk1.capture_cu/i6
@ "/home/tejas/Downloads/efinity/2023.2/project/WS2812_Custom/work_dbg/debug_top.v (5601)" representative instance : la0/GEN_PROBE[24].genblk7.genblk3.trigger_cu/i6
FF|OPT : Flip-flop optimization by equivalence checking
@ "/home/tejas/Downloads/efinity/2023.2/project/WS2812_Custom/work_dbg/debug_top.v (5662)" removed instance : la0/GEN_PROBE[1].genblk7.genblk2.genblk1.capture_cu/i25
@ "/home/tejas/Downloads/efinity/2023.2/project/WS2812_Custom/work_dbg/debug_top.v (5601)" representative instance : la0/GEN_PROBE[1].genblk7.genblk3.trigger_cu/i5
FF|OPT : Flip-flop optimization by equivalence checking
@ "/home/tejas/Downloads/efinity/2023.2/project/WS2812_Custom/work_dbg/debug_top.v (5662)" removed instance : la0/GEN_PROBE[1].genblk7.genblk2.genblk1.capture_cu/i24
@ "/home/tejas/Downloads/efinity/2023.2/project/WS2812_Custom/work_dbg/debug_top.v (5662)" representative instance : la0/GEN_PROBE[1].genblk7.genblk3.trigger_cu/i24
FF|OPT : Flip-flop optimization by equivalence checking
@ "/home/tejas/Downloads/efinity/2023.2/project/WS2812_Custom/work_dbg/debug_top.v (4507)" removed instance : la0/dff_1940/i133
@ "/home/tejas/Downloads/efinity/2023.2/project/WS2812_Custom/work_dbg/debug_top.v (5601)" representative instance : la0/GEN_PROBE[12].genblk7.genblk3.trigger_cu/i5
FF|OPT : Flip-flop optimization by equivalence checking
@ "/home/tejas/Downloads/efinity/2023.2/project/WS2812_Custom/work_dbg/debug_top.v (4507)" removed instance : la0/dff_1940/i134
@ "/home/tejas/Downloads/efinity/2023.2/project/WS2812_Custom/work_dbg/debug_top.v (5601)" representative instance : la0/GEN_PROBE[13].genblk7.genblk3.trigger_cu/i5
FF|OPT : Flip-flop optimization by equivalence checking
@ "/home/tejas/Downloads/efinity/2023.2/project/WS2812_Custom/work_dbg/debug_top.v (4507)" removed instance : la0/dff_1940/i135
@ "/home/tejas/Downloads/efinity/2023.2/project/WS2812_Custom/work_dbg/debug_top.v (5601)" representative instance : la0/GEN_PROBE[14].genblk7.genblk3.trigger_cu/i5
FF|OPT : Flip-flop optimization by equivalence checking
@ "/home/tejas/Downloads/efinity/2023.2/project/WS2812_Custom/work_dbg/debug_top.v (4507)" removed instance : la0/dff_1940/i74
@ "/home/tejas/Downloads/efinity/2023.2/project/WS2812_Custom/work_dbg/debug_top.v (5601)" representative instance : la0/GEN_PROBE[6].genblk7.genblk3.trigger_cu/i5
FF|OPT : Flip-flop optimization by equivalence checking
@ "/home/tejas/Downloads/efinity/2023.2/project/WS2812_Custom/work_dbg/debug_top.v (4507)" removed instance : la0/dff_1940/i75
@ "/home/tejas/Downloads/efinity/2023.2/project/WS2812_Custom/work_dbg/debug_top.v (5601)" representative instance : la0/GEN_PROBE[7].genblk7.genblk3.trigger_cu/i5
FF|OPT : Flip-flop optimization by equivalence checking
@ "/home/tejas/Downloads/efinity/2023.2/project/WS2812_Custom/work_dbg/debug_top.v (4507)" removed instance : la0/dff_1940/i136
@ "/home/tejas/Downloads/efinity/2023.2/project/WS2812_Custom/work_dbg/debug_top.v (5601)" representative instance : la0/GEN_PROBE[15].genblk7.genblk3.trigger_cu/i5
FF|OPT : Flip-flop optimization by equivalence checking
@ "/home/tejas/Downloads/efinity/2023.2/project/WS2812_Custom/work_dbg/debug_top.v (4507)" removed instance : la0/dff_1940/i137
@ "/home/tejas/Downloads/efinity/2023.2/project/WS2812_Custom/work_dbg/debug_top.v (5601)" representative instance : la0/GEN_PROBE[16].genblk7.genblk3.trigger_cu/i5
FF|OPT : Flip-flop optimization by equivalence checking
@ "/home/tejas/Downloads/efinity/2023.2/project/WS2812_Custom/work_dbg/debug_top.v (4507)" removed instance : la0/dff_1940/i138
@ "/home/tejas/Downloads/efinity/2023.2/project/WS2812_Custom/work_dbg/debug_top.v (5601)" representative instance : la0/GEN_PROBE[17].genblk7.genblk3.trigger_cu/i5
FF|OPT : Flip-flop optimization by equivalence checking
@ "/home/tejas/Downloads/efinity/2023.2/project/WS2812_Custom/work_dbg/debug_top.v (4507)" removed instance : la0/dff_1940/i139
@ "/home/tejas/Downloads/efinity/2023.2/project/WS2812_Custom/work_dbg/debug_top.v (5601)" representative instance : la0/GEN_PROBE[18].genblk7.genblk3.trigger_cu/i5
FF|OPT : Flip-flop optimization by equivalence checking
@ "/home/tejas/Downloads/efinity/2023.2/project/WS2812_Custom/work_dbg/debug_top.v (4507)" removed instance : la0/dff_1940/i140
@ "/home/tejas/Downloads/efinity/2023.2/project/WS2812_Custom/work_dbg/debug_top.v (5601)" representative instance : la0/GEN_PROBE[19].genblk7.genblk3.trigger_cu/i5
FF|OPT : Flip-flop optimization by equivalence checking
@ "/home/tejas/Downloads/efinity/2023.2/project/WS2812_Custom/work_dbg/debug_top.v (4507)" removed instance : la0/dff_1940/i141
@ "/home/tejas/Downloads/efinity/2023.2/project/WS2812_Custom/work_dbg/debug_top.v (5601)" representative instance : la0/GEN_PROBE[20].genblk7.genblk3.trigger_cu/i5
FF|OPT : Flip-flop optimization by equivalence checking
@ "/home/tejas/Downloads/efinity/2023.2/project/WS2812_Custom/work_dbg/debug_top.v (4507)" removed instance : la0/dff_1940/i150
@ "/home/tejas/Downloads/efinity/2023.2/project/WS2812_Custom/work_dbg/debug_top.v (5601)" representative instance : la0/GEN_PROBE[22].genblk7.genblk3.trigger_cu/i5
FF|OPT : Flip-flop optimization by equivalence checking
@ "/home/tejas/Downloads/efinity/2023.2/project/WS2812_Custom/work_dbg/debug_top.v (4507)" removed instance : la0/dff_1940/i25
@ "/home/tejas/Downloads/efinity/2023.2/project/WS2812_Custom/work_dbg/debug_top.v (5601)" representative instance : la0/GEN_PROBE[1].genblk7.genblk3.trigger_cu/i5
FF|OPT : Flip-flop optimization by equivalence checking
@ "/home/tejas/Downloads/efinity/2023.2/project/WS2812_Custom/work_dbg/debug_top.v (4507)" removed instance : la0/dff_1940/i159
@ "/home/tejas/Downloads/efinity/2023.2/project/WS2812_Custom/work_dbg/debug_top.v (5601)" representative instance : la0/GEN_PROBE[24].genblk7.genblk3.trigger_cu/i5
FF|OPT : Flip-flop optimization by equivalence checking
@ "/home/tejas/Downloads/efinity/2023.2/project/WS2812_Custom/work_dbg/debug_top.v (4507)" removed instance : la0/dff_1940/i100
@ "/home/tejas/Downloads/efinity/2023.2/project/WS2812_Custom/work_dbg/debug_top.v (5601)" representative instance : la0/GEN_PROBE[9].genblk7.genblk3.trigger_cu/i5
FF|OPT : Flip-flop optimization by equivalence checking
@ "/home/tejas/Downloads/efinity/2023.2/project/WS2812_Custom/work_dbg/debug_top.v (5662)" removed instance : la0/GEN_PROBE[24].genblk7.genblk2.genblk1.capture_cu/i29
@ "/home/tejas/Downloads/efinity/2023.2/project/WS2812_Custom/work_dbg/debug_top.v (5662)" representative instance : la0/GEN_PROBE[24].genblk7.genblk3.trigger_cu/i29
FF|OPT : Flip-flop optimization by equivalence checking
@ "/home/tejas/Downloads/efinity/2023.2/project/WS2812_Custom/work_dbg/debug_top.v (5662)" removed instance : la0/GEN_PROBE[24].genblk7.genblk2.genblk1.capture_cu/i28
@ "/home/tejas/Downloads/efinity/2023.2/project/WS2812_Custom/work_dbg/debug_top.v (5662)" representative instance : la0/GEN_PROBE[24].genblk7.genblk3.trigger_cu/i28
FF|OPT : Flip-flop optimization by equivalence checking
@ "/home/tejas/Downloads/efinity/2023.2/project/WS2812_Custom/work_dbg/debug_top.v (5662)" removed instance : la0/GEN_PROBE[24].genblk7.genblk2.genblk1.capture_cu/i27
@ "/home/tejas/Downloads/efinity/2023.2/project/WS2812_Custom/work_dbg/debug_top.v (5662)" representative instance : la0/GEN_PROBE[24].genblk7.genblk3.trigger_cu/i27
FF|OPT : Flip-flop optimization by equivalence checking
@ "/home/tejas/Downloads/efinity/2023.2/project/WS2812_Custom/work_dbg/debug_top.v (5662)" removed instance : la0/GEN_PROBE[24].genblk7.genblk2.genblk1.capture_cu/i26
@ "/home/tejas/Downloads/efinity/2023.2/project/WS2812_Custom/work_dbg/debug_top.v (5662)" representative instance : la0/GEN_PROBE[24].genblk7.genblk3.trigger_cu/i26
FF|OPT : Flip-flop optimization by equivalence checking
@ "/home/tejas/Downloads/efinity/2023.2/project/WS2812_Custom/work_dbg/debug_top.v (5662)" removed instance : la0/GEN_PROBE[22].genblk7.genblk2.genblk1.capture_cu/i29
@ "/home/tejas/Downloads/efinity/2023.2/project/WS2812_Custom/work_dbg/debug_top.v (5662)" representative instance : la0/GEN_PROBE[22].genblk7.genblk3.trigger_cu/i29
FF|OPT : Flip-flop optimization by equivalence checking
@ "/home/tejas/Downloads/efinity/2023.2/project/WS2812_Custom/work_dbg/debug_top.v (5662)" removed instance : la0/GEN_PROBE[22].genblk7.genblk2.genblk1.capture_cu/i28
@ "/home/tejas/Downloads/efinity/2023.2/project/WS2812_Custom/work_dbg/debug_top.v (5662)" representative instance : la0/GEN_PROBE[22].genblk7.genblk3.trigger_cu/i28
FF|OPT : Flip-flop optimization by equivalence checking
@ "/home/tejas/Downloads/efinity/2023.2/project/WS2812_Custom/work_dbg/debug_top.v (5662)" removed instance : la0/GEN_PROBE[22].genblk7.genblk2.genblk1.capture_cu/i27
@ "/home/tejas/Downloads/efinity/2023.2/project/WS2812_Custom/work_dbg/debug_top.v (5662)" representative instance : la0/GEN_PROBE[22].genblk7.genblk3.trigger_cu/i27
FF|OPT : Flip-flop optimization by equivalence checking
@ "/home/tejas/Downloads/efinity/2023.2/project/WS2812_Custom/work_dbg/debug_top.v (5662)" removed instance : la0/GEN_PROBE[22].genblk7.genblk2.genblk1.capture_cu/i26
@ "/home/tejas/Downloads/efinity/2023.2/project/WS2812_Custom/work_dbg/debug_top.v (5662)" representative instance : la0/GEN_PROBE[22].genblk7.genblk3.trigger_cu/i26
FF|OPT : Flip-flop optimization by equivalence checking
@ "/home/tejas/Downloads/efinity/2023.2/project/WS2812_Custom/work_dbg/debug_top.v (5662)" removed instance : la0/GEN_PROBE[20].genblk7.genblk2.genblk1.capture_cu/i29
@ "/home/tejas/Downloads/efinity/2023.2/project/WS2812_Custom/work_dbg/debug_top.v (5662)" representative instance : la0/GEN_PROBE[20].genblk7.genblk3.trigger_cu/i29
FF|OPT : Flip-flop optimization by equivalence checking
@ "/home/tejas/Downloads/efinity/2023.2/project/WS2812_Custom/work_dbg/debug_top.v (5662)" removed instance : la0/GEN_PROBE[20].genblk7.genblk2.genblk1.capture_cu/i28
@ "/home/tejas/Downloads/efinity/2023.2/project/WS2812_Custom/work_dbg/debug_top.v (5662)" representative instance : la0/GEN_PROBE[20].genblk7.genblk3.trigger_cu/i28
FF|OPT : Flip-flop optimization by equivalence checking
@ "/home/tejas/Downloads/efinity/2023.2/project/WS2812_Custom/work_dbg/debug_top.v (5662)" removed instance : la0/GEN_PROBE[20].genblk7.genblk2.genblk1.capture_cu/i27
@ "/home/tejas/Downloads/efinity/2023.2/project/WS2812_Custom/work_dbg/debug_top.v (5662)" representative instance : la0/GEN_PROBE[20].genblk7.genblk3.trigger_cu/i27
FF|OPT : Flip-flop optimization by equivalence checking
@ "/home/tejas/Downloads/efinity/2023.2/project/WS2812_Custom/work_dbg/debug_top.v (5662)" removed instance : la0/GEN_PROBE[20].genblk7.genblk2.genblk1.capture_cu/i26
@ "/home/tejas/Downloads/efinity/2023.2/project/WS2812_Custom/work_dbg/debug_top.v (5662)" representative instance : la0/GEN_PROBE[20].genblk7.genblk3.trigger_cu/i26
FF|OPT : Flip-flop optimization by equivalence checking
@ "/home/tejas/Downloads/efinity/2023.2/project/WS2812_Custom/work_dbg/debug_top.v (5662)" removed instance : la0/GEN_PROBE[19].genblk7.genblk2.genblk1.capture_cu/i29
@ "/home/tejas/Downloads/efinity/2023.2/project/WS2812_Custom/work_dbg/debug_top.v (5662)" representative instance : la0/GEN_PROBE[19].genblk7.genblk3.trigger_cu/i29
FF|OPT : Flip-flop optimization by equivalence checking
@ "/home/tejas/Downloads/efinity/2023.2/project/WS2812_Custom/work_dbg/debug_top.v (5662)" removed instance : la0/GEN_PROBE[19].genblk7.genblk2.genblk1.capture_cu/i28
@ "/home/tejas/Downloads/efinity/2023.2/project/WS2812_Custom/work_dbg/debug_top.v (5662)" representative instance : la0/GEN_PROBE[19].genblk7.genblk3.trigger_cu/i28
FF|OPT : Flip-flop optimization by equivalence checking
@ "/home/tejas/Downloads/efinity/2023.2/project/WS2812_Custom/work_dbg/debug_top.v (5662)" removed instance : la0/GEN_PROBE[19].genblk7.genblk2.genblk1.capture_cu/i27
@ "/home/tejas/Downloads/efinity/2023.2/project/WS2812_Custom/work_dbg/debug_top.v (5662)" representative instance : la0/GEN_PROBE[19].genblk7.genblk3.trigger_cu/i27
FF|OPT : Flip-flop optimization by equivalence checking
@ "/home/tejas/Downloads/efinity/2023.2/project/WS2812_Custom/work_dbg/debug_top.v (5662)" removed instance : la0/GEN_PROBE[19].genblk7.genblk2.genblk1.capture_cu/i26
@ "/home/tejas/Downloads/efinity/2023.2/project/WS2812_Custom/work_dbg/debug_top.v (5662)" representative instance : la0/GEN_PROBE[19].genblk7.genblk3.trigger_cu/i26
FF|OPT : Flip-flop optimization by equivalence checking
@ "/home/tejas/Downloads/efinity/2023.2/project/WS2812_Custom/work_dbg/debug_top.v (5662)" removed instance : la0/GEN_PROBE[18].genblk7.genblk2.genblk1.capture_cu/i29
@ "/home/tejas/Downloads/efinity/2023.2/project/WS2812_Custom/work_dbg/debug_top.v (5662)" representative instance : la0/GEN_PROBE[18].genblk7.genblk3.trigger_cu/i29
FF|OPT : Flip-flop optimization by equivalence checking
@ "/home/tejas/Downloads/efinity/2023.2/project/WS2812_Custom/work_dbg/debug_top.v (5662)" removed instance : la0/GEN_PROBE[18].genblk7.genblk2.genblk1.capture_cu/i28
@ "/home/tejas/Downloads/efinity/2023.2/project/WS2812_Custom/work_dbg/debug_top.v (5662)" representative instance : la0/GEN_PROBE[18].genblk7.genblk3.trigger_cu/i28
FF|OPT : Flip-flop optimization by equivalence checking
@ "/home/tejas/Downloads/efinity/2023.2/project/WS2812_Custom/work_dbg/debug_top.v (5662)" removed instance : la0/GEN_PROBE[18].genblk7.genblk2.genblk1.capture_cu/i27
@ "/home/tejas/Downloads/efinity/2023.2/project/WS2812_Custom/work_dbg/debug_top.v (5662)" representative instance : la0/GEN_PROBE[18].genblk7.genblk3.trigger_cu/i27
FF|OPT : Flip-flop optimization by equivalence checking
@ "/home/tejas/Downloads/efinity/2023.2/project/WS2812_Custom/work_dbg/debug_top.v (5662)" removed instance : la0/GEN_PROBE[18].genblk7.genblk2.genblk1.capture_cu/i26
@ "/home/tejas/Downloads/efinity/2023.2/project/WS2812_Custom/work_dbg/debug_top.v (5662)" representative instance : la0/GEN_PROBE[18].genblk7.genblk3.trigger_cu/i26
FF|OPT : Flip-flop optimization by equivalence checking
@ "/home/tejas/Downloads/efinity/2023.2/project/WS2812_Custom/work_dbg/debug_top.v (5662)" removed instance : la0/GEN_PROBE[17].genblk7.genblk2.genblk1.capture_cu/i29
@ "/home/tejas/Downloads/efinity/2023.2/project/WS2812_Custom/work_dbg/debug_top.v (5662)" representative instance : la0/GEN_PROBE[17].genblk7.genblk3.trigger_cu/i29
FF|OPT : Flip-flop optimization by equivalence checking
@ "/home/tejas/Downloads/efinity/2023.2/project/WS2812_Custom/work_dbg/debug_top.v (5662)" removed instance : la0/GEN_PROBE[17].genblk7.genblk2.genblk1.capture_cu/i28
@ "/home/tejas/Downloads/efinity/2023.2/project/WS2812_Custom/work_dbg/debug_top.v (5662)" representative instance : la0/GEN_PROBE[17].genblk7.genblk3.trigger_cu/i28
FF|OPT : Flip-flop optimization by equivalence checking
@ "/home/tejas/Downloads/efinity/2023.2/project/WS2812_Custom/work_dbg/debug_top.v (5662)" removed instance : la0/GEN_PROBE[17].genblk7.genblk2.genblk1.capture_cu/i27
@ "/home/tejas/Downloads/efinity/2023.2/project/WS2812_Custom/work_dbg/debug_top.v (5662)" representative instance : la0/GEN_PROBE[17].genblk7.genblk3.trigger_cu/i27
FF|OPT : Flip-flop optimization by equivalence checking
@ "/home/tejas/Downloads/efinity/2023.2/project/WS2812_Custom/work_dbg/debug_top.v (5662)" removed instance : la0/GEN_PROBE[17].genblk7.genblk2.genblk1.capture_cu/i26
@ "/home/tejas/Downloads/efinity/2023.2/project/WS2812_Custom/work_dbg/debug_top.v (5662)" representative instance : la0/GEN_PROBE[17].genblk7.genblk3.trigger_cu/i26
FF|OPT : Flip-flop optimization by equivalence checking
@ "/home/tejas/Downloads/efinity/2023.2/project/WS2812_Custom/work_dbg/debug_top.v (5662)" removed instance : la0/GEN_PROBE[16].genblk7.genblk2.genblk1.capture_cu/i29
@ "/home/tejas/Downloads/efinity/2023.2/project/WS2812_Custom/work_dbg/debug_top.v (5662)" representative instance : la0/GEN_PROBE[16].genblk7.genblk3.trigger_cu/i29
FF|OPT : Flip-flop optimization by equivalence checking
@ "/home/tejas/Downloads/efinity/2023.2/project/WS2812_Custom/work_dbg/debug_top.v (5662)" removed instance : la0/GEN_PROBE[16].genblk7.genblk2.genblk1.capture_cu/i28
@ "/home/tejas/Downloads/efinity/2023.2/project/WS2812_Custom/work_dbg/debug_top.v (5662)" representative instance : la0/GEN_PROBE[16].genblk7.genblk3.trigger_cu/i28
FF|OPT : Flip-flop optimization by equivalence checking
@ "/home/tejas/Downloads/efinity/2023.2/project/WS2812_Custom/work_dbg/debug_top.v (5662)" removed instance : la0/GEN_PROBE[16].genblk7.genblk2.genblk1.capture_cu/i27
@ "/home/tejas/Downloads/efinity/2023.2/project/WS2812_Custom/work_dbg/debug_top.v (5662)" representative instance : la0/GEN_PROBE[16].genblk7.genblk3.trigger_cu/i27
FF|OPT : Flip-flop optimization by equivalence checking
@ "/home/tejas/Downloads/efinity/2023.2/project/WS2812_Custom/work_dbg/debug_top.v (5662)" removed instance : la0/GEN_PROBE[16].genblk7.genblk2.genblk1.capture_cu/i26
@ "/home/tejas/Downloads/efinity/2023.2/project/WS2812_Custom/work_dbg/debug_top.v (5662)" representative instance : la0/GEN_PROBE[16].genblk7.genblk3.trigger_cu/i26
FF|OPT : Flip-flop optimization by equivalence checking
@ "/home/tejas/Downloads/efinity/2023.2/project/WS2812_Custom/work_dbg/debug_top.v (5662)" removed instance : la0/GEN_PROBE[15].genblk7.genblk2.genblk1.capture_cu/i29
@ "/home/tejas/Downloads/efinity/2023.2/project/WS2812_Custom/work_dbg/debug_top.v (5662)" representative instance : la0/GEN_PROBE[15].genblk7.genblk3.trigger_cu/i29
FF|OPT : Flip-flop optimization by equivalence checking
@ "/home/tejas/Downloads/efinity/2023.2/project/WS2812_Custom/work_dbg/debug_top.v (5662)" removed instance : la0/GEN_PROBE[15].genblk7.genblk2.genblk1.capture_cu/i28
@ "/home/tejas/Downloads/efinity/2023.2/project/WS2812_Custom/work_dbg/debug_top.v (5662)" representative instance : la0/GEN_PROBE[15].genblk7.genblk3.trigger_cu/i28
FF|OPT : Flip-flop optimization by equivalence checking
@ "/home/tejas/Downloads/efinity/2023.2/project/WS2812_Custom/work_dbg/debug_top.v (5662)" removed instance : la0/GEN_PROBE[15].genblk7.genblk2.genblk1.capture_cu/i27
@ "/home/tejas/Downloads/efinity/2023.2/project/WS2812_Custom/work_dbg/debug_top.v (5662)" representative instance : la0/GEN_PROBE[15].genblk7.genblk3.trigger_cu/i27
FF|OPT : Flip-flop optimization by equivalence checking
@ "/home/tejas/Downloads/efinity/2023.2/project/WS2812_Custom/work_dbg/debug_top.v (5662)" removed instance : la0/GEN_PROBE[15].genblk7.genblk2.genblk1.capture_cu/i26
@ "/home/tejas/Downloads/efinity/2023.2/project/WS2812_Custom/work_dbg/debug_top.v (5662)" representative instance : la0/GEN_PROBE[15].genblk7.genblk3.trigger_cu/i26
FF|OPT : Flip-flop optimization by equivalence checking
@ "/home/tejas/Downloads/efinity/2023.2/project/WS2812_Custom/work_dbg/debug_top.v (5662)" removed instance : la0/GEN_PROBE[14].genblk7.genblk2.genblk1.capture_cu/i29
@ "/home/tejas/Downloads/efinity/2023.2/project/WS2812_Custom/work_dbg/debug_top.v (5662)" representative instance : la0/GEN_PROBE[14].genblk7.genblk3.trigger_cu/i29
FF|OPT : Flip-flop optimization by equivalence checking
@ "/home/tejas/Downloads/efinity/2023.2/project/WS2812_Custom/work_dbg/debug_top.v (5662)" removed instance : la0/GEN_PROBE[14].genblk7.genblk2.genblk1.capture_cu/i28
@ "/home/tejas/Downloads/efinity/2023.2/project/WS2812_Custom/work_dbg/debug_top.v (5662)" representative instance : la0/GEN_PROBE[14].genblk7.genblk3.trigger_cu/i28
FF|OPT : Flip-flop optimization by equivalence checking
@ "/home/tejas/Downloads/efinity/2023.2/project/WS2812_Custom/work_dbg/debug_top.v (5662)" removed instance : la0/GEN_PROBE[14].genblk7.genblk2.genblk1.capture_cu/i27
@ "/home/tejas/Downloads/efinity/2023.2/project/WS2812_Custom/work_dbg/debug_top.v (5662)" representative instance : la0/GEN_PROBE[14].genblk7.genblk3.trigger_cu/i27
FF|OPT : Flip-flop optimization by equivalence checking
@ "/home/tejas/Downloads/efinity/2023.2/project/WS2812_Custom/work_dbg/debug_top.v (5662)" removed instance : la0/GEN_PROBE[14].genblk7.genblk2.genblk1.capture_cu/i26
@ "/home/tejas/Downloads/efinity/2023.2/project/WS2812_Custom/work_dbg/debug_top.v (5662)" representative instance : la0/GEN_PROBE[14].genblk7.genblk3.trigger_cu/i26
FF|OPT : Flip-flop optimization by equivalence checking
@ "/home/tejas/Downloads/efinity/2023.2/project/WS2812_Custom/work_dbg/debug_top.v (5662)" removed instance : la0/GEN_PROBE[13].genblk7.genblk2.genblk1.capture_cu/i29
@ "/home/tejas/Downloads/efinity/2023.2/project/WS2812_Custom/work_dbg/debug_top.v (5662)" representative instance : la0/GEN_PROBE[13].genblk7.genblk3.trigger_cu/i29
FF|OPT : Flip-flop optimization by equivalence checking
@ "/home/tejas/Downloads/efinity/2023.2/project/WS2812_Custom/work_dbg/debug_top.v (5662)" removed instance : la0/GEN_PROBE[13].genblk7.genblk2.genblk1.capture_cu/i28
@ "/home/tejas/Downloads/efinity/2023.2/project/WS2812_Custom/work_dbg/debug_top.v (5662)" representative instance : la0/GEN_PROBE[13].genblk7.genblk3.trigger_cu/i28
FF|OPT : Flip-flop optimization by equivalence checking
@ "/home/tejas/Downloads/efinity/2023.2/project/WS2812_Custom/work_dbg/debug_top.v (5662)" removed instance : la0/GEN_PROBE[13].genblk7.genblk2.genblk1.capture_cu/i27
@ "/home/tejas/Downloads/efinity/2023.2/project/WS2812_Custom/work_dbg/debug_top.v (5662)" representative instance : la0/GEN_PROBE[13].genblk7.genblk3.trigger_cu/i27
FF|OPT : Flip-flop optimization by equivalence checking
@ "/home/tejas/Downloads/efinity/2023.2/project/WS2812_Custom/work_dbg/debug_top.v (5662)" removed instance : la0/GEN_PROBE[13].genblk7.genblk2.genblk1.capture_cu/i26
@ "/home/tejas/Downloads/efinity/2023.2/project/WS2812_Custom/work_dbg/debug_top.v (5662)" representative instance : la0/GEN_PROBE[13].genblk7.genblk3.trigger_cu/i26
FF|OPT : Flip-flop optimization by equivalence checking
@ "/home/tejas/Downloads/efinity/2023.2/project/WS2812_Custom/work_dbg/debug_top.v (5662)" removed instance : la0/GEN_PROBE[12].genblk7.genblk2.genblk1.capture_cu/i29
@ "/home/tejas/Downloads/efinity/2023.2/project/WS2812_Custom/work_dbg/debug_top.v (5662)" representative instance : la0/GEN_PROBE[12].genblk7.genblk3.trigger_cu/i29
FF|OPT : Flip-flop optimization by equivalence checking
@ "/home/tejas/Downloads/efinity/2023.2/project/WS2812_Custom/work_dbg/debug_top.v (5662)" removed instance : la0/GEN_PROBE[12].genblk7.genblk2.genblk1.capture_cu/i28
@ "/home/tejas/Downloads/efinity/2023.2/project/WS2812_Custom/work_dbg/debug_top.v (5662)" representative instance : la0/GEN_PROBE[12].genblk7.genblk3.trigger_cu/i28
FF|OPT : Flip-flop optimization by equivalence checking
@ "/home/tejas/Downloads/efinity/2023.2/project/WS2812_Custom/work_dbg/debug_top.v (5662)" removed instance : la0/GEN_PROBE[12].genblk7.genblk2.genblk1.capture_cu/i27
@ "/home/tejas/Downloads/efinity/2023.2/project/WS2812_Custom/work_dbg/debug_top.v (5662)" representative instance : la0/GEN_PROBE[12].genblk7.genblk3.trigger_cu/i27
FF|OPT : Flip-flop optimization by equivalence checking
@ "/home/tejas/Downloads/efinity/2023.2/project/WS2812_Custom/work_dbg/debug_top.v (5662)" removed instance : la0/GEN_PROBE[12].genblk7.genblk2.genblk1.capture_cu/i26
@ "/home/tejas/Downloads/efinity/2023.2/project/WS2812_Custom/work_dbg/debug_top.v (5662)" representative instance : la0/GEN_PROBE[12].genblk7.genblk3.trigger_cu/i26
FF|OPT : Flip-flop optimization by equivalence checking
@ "/home/tejas/Downloads/efinity/2023.2/project/WS2812_Custom/work_dbg/debug_top.v (5662)" removed instance : la0/GEN_PROBE[9].genblk7.genblk2.genblk1.capture_cu/i29
@ "/home/tejas/Downloads/efinity/2023.2/project/WS2812_Custom/work_dbg/debug_top.v (5662)" representative instance : la0/GEN_PROBE[9].genblk7.genblk3.trigger_cu/i29
FF|OPT : Flip-flop optimization by equivalence checking
@ "/home/tejas/Downloads/efinity/2023.2/project/WS2812_Custom/work_dbg/debug_top.v (5662)" removed instance : la0/GEN_PROBE[9].genblk7.genblk2.genblk1.capture_cu/i28
@ "/home/tejas/Downloads/efinity/2023.2/project/WS2812_Custom/work_dbg/debug_top.v (5662)" representative instance : la0/GEN_PROBE[9].genblk7.genblk3.trigger_cu/i28
FF|OPT : Flip-flop optimization by equivalence checking
@ "/home/tejas/Downloads/efinity/2023.2/project/WS2812_Custom/work_dbg/debug_top.v (5662)" removed instance : la0/GEN_PROBE[9].genblk7.genblk2.genblk1.capture_cu/i27
@ "/home/tejas/Downloads/efinity/2023.2/project/WS2812_Custom/work_dbg/debug_top.v (5662)" representative instance : la0/GEN_PROBE[9].genblk7.genblk3.trigger_cu/i27
FF|OPT : Flip-flop optimization by equivalence checking
@ "/home/tejas/Downloads/efinity/2023.2/project/WS2812_Custom/work_dbg/debug_top.v (5662)" removed instance : la0/GEN_PROBE[9].genblk7.genblk2.genblk1.capture_cu/i26
@ "/home/tejas/Downloads/efinity/2023.2/project/WS2812_Custom/work_dbg/debug_top.v (5662)" representative instance : la0/GEN_PROBE[9].genblk7.genblk3.trigger_cu/i26
FF|OPT : Flip-flop optimization by equivalence checking
@ "/home/tejas/Downloads/efinity/2023.2/project/WS2812_Custom/work_dbg/debug_top.v (5662)" removed instance : la0/GEN_PROBE[7].genblk7.genblk2.genblk1.capture_cu/i29
@ "/home/tejas/Downloads/efinity/2023.2/project/WS2812_Custom/work_dbg/debug_top.v (5662)" representative instance : la0/GEN_PROBE[7].genblk7.genblk3.trigger_cu/i29
FF|OPT : Flip-flop optimization by equivalence checking
@ "/home/tejas/Downloads/efinity/2023.2/project/WS2812_Custom/work_dbg/debug_top.v (5662)" removed instance : la0/GEN_PROBE[7].genblk7.genblk2.genblk1.capture_cu/i28
@ "/home/tejas/Downloads/efinity/2023.2/project/WS2812_Custom/work_dbg/debug_top.v (5662)" representative instance : la0/GEN_PROBE[7].genblk7.genblk3.trigger_cu/i28
FF|OPT : Flip-flop optimization by equivalence checking
@ "/home/tejas/Downloads/efinity/2023.2/project/WS2812_Custom/work_dbg/debug_top.v (5662)" removed instance : la0/GEN_PROBE[7].genblk7.genblk2.genblk1.capture_cu/i27
@ "/home/tejas/Downloads/efinity/2023.2/project/WS2812_Custom/work_dbg/debug_top.v (5662)" representative instance : la0/GEN_PROBE[7].genblk7.genblk3.trigger_cu/i27
FF|OPT : Flip-flop optimization by equivalence checking
@ "/home/tejas/Downloads/efinity/2023.2/project/WS2812_Custom/work_dbg/debug_top.v (5662)" removed instance : la0/GEN_PROBE[7].genblk7.genblk2.genblk1.capture_cu/i26
@ "/home/tejas/Downloads/efinity/2023.2/project/WS2812_Custom/work_dbg/debug_top.v (5662)" representative instance : la0/GEN_PROBE[7].genblk7.genblk3.trigger_cu/i26
FF|OPT : Flip-flop optimization by equivalence checking
@ "/home/tejas/Downloads/efinity/2023.2/project/WS2812_Custom/work_dbg/debug_top.v (5662)" removed instance : la0/GEN_PROBE[6].genblk7.genblk2.genblk1.capture_cu/i29
@ "/home/tejas/Downloads/efinity/2023.2/project/WS2812_Custom/work_dbg/debug_top.v (5662)" representative instance : la0/GEN_PROBE[6].genblk7.genblk3.trigger_cu/i29
FF|OPT : Flip-flop optimization by equivalence checking
@ "/home/tejas/Downloads/efinity/2023.2/project/WS2812_Custom/work_dbg/debug_top.v (5662)" removed instance : la0/GEN_PROBE[6].genblk7.genblk2.genblk1.capture_cu/i28
@ "/home/tejas/Downloads/efinity/2023.2/project/WS2812_Custom/work_dbg/debug_top.v (5662)" representative instance : la0/GEN_PROBE[6].genblk7.genblk3.trigger_cu/i28
FF|OPT : Flip-flop optimization by equivalence checking
@ "/home/tejas/Downloads/efinity/2023.2/project/WS2812_Custom/work_dbg/debug_top.v (5662)" removed instance : la0/GEN_PROBE[6].genblk7.genblk2.genblk1.capture_cu/i27
@ "/home/tejas/Downloads/efinity/2023.2/project/WS2812_Custom/work_dbg/debug_top.v (5662)" representative instance : la0/GEN_PROBE[6].genblk7.genblk3.trigger_cu/i27
FF|OPT : Flip-flop optimization by equivalence checking
@ "/home/tejas/Downloads/efinity/2023.2/project/WS2812_Custom/work_dbg/debug_top.v (5662)" removed instance : la0/GEN_PROBE[6].genblk7.genblk2.genblk1.capture_cu/i26
@ "/home/tejas/Downloads/efinity/2023.2/project/WS2812_Custom/work_dbg/debug_top.v (5662)" representative instance : la0/GEN_PROBE[6].genblk7.genblk3.trigger_cu/i26
FF|OPT : Flip-flop optimization by equivalence checking
@ "/home/tejas/Downloads/efinity/2023.2/project/WS2812_Custom/work_dbg/debug_top.v (5662)" removed instance : la0/GEN_PROBE[1].genblk7.genblk2.genblk1.capture_cu/i29
@ "/home/tejas/Downloads/efinity/2023.2/project/WS2812_Custom/work_dbg/debug_top.v (5662)" representative instance : la0/GEN_PROBE[1].genblk7.genblk3.trigger_cu/i29
FF|OPT : Flip-flop optimization by equivalence checking
@ "/home/tejas/Downloads/efinity/2023.2/project/WS2812_Custom/work_dbg/debug_top.v (5662)" removed instance : la0/GEN_PROBE[1].genblk7.genblk2.genblk1.capture_cu/i28
@ "/home/tejas/Downloads/efinity/2023.2/project/WS2812_Custom/work_dbg/debug_top.v (5662)" representative instance : la0/GEN_PROBE[1].genblk7.genblk3.trigger_cu/i28
FF|OPT : Flip-flop optimization by equivalence checking
@ "/home/tejas/Downloads/efinity/2023.2/project/WS2812_Custom/work_dbg/debug_top.v (5662)" removed instance : la0/GEN_PROBE[1].genblk7.genblk2.genblk1.capture_cu/i27
@ "/home/tejas/Downloads/efinity/2023.2/project/WS2812_Custom/work_dbg/debug_top.v (5662)" representative instance : la0/GEN_PROBE[1].genblk7.genblk3.trigger_cu/i27
FF|OPT : Flip-flop optimization by equivalence checking
@ "/home/tejas/Downloads/efinity/2023.2/project/WS2812_Custom/work_dbg/debug_top.v (5662)" removed instance : la0/GEN_PROBE[1].genblk7.genblk2.genblk1.capture_cu/i26
@ "/home/tejas/Downloads/efinity/2023.2/project/WS2812_Custom/work_dbg/debug_top.v (5662)" representative instance : la0/GEN_PROBE[1].genblk7.genblk3.trigger_cu/i26
FF instance: la0/address_counter[25]~FF(unreachable)
FF instance: la0/address_counter[26]~FF(unreachable)
FF instance: la0/address_counter[27]~FF(unreachable)
FF instance: la0/address_counter[28]~FF(unreachable)
FF instance: la0/address_counter[29]~FF(unreachable)
FF instance: la0/address_counter[30]~FF(unreachable)
FF instance: la0/address_counter[31]~FF(unreachable)
FF instance: la0/la_biu_inst/fifo_with_read_inst/next_segment_wr_pointer[0]~FF(unreachable)
FF instance: la0/la_biu_inst/fifo_with_read_inst/segment_rd_pointer[10]~FF(unreachable)
FF instance: la0/la_biu_inst/fifo_with_read_inst/segment_wr_pointer[10]~FF(unreachable)
FF instance: la0/la_biu_inst/fifo_with_read_inst/next_segment_wr_pointer[1]~FF(unreachable)
FF instance: la0/la_biu_inst/fifo_with_read_inst/next_segment_wr_pointer[2]~FF(unreachable)
FF instance: la0/la_biu_inst/fifo_with_read_inst/next_segment_wr_pointer[3]~FF(unreachable)
FF instance: la0/la_biu_inst/fifo_with_read_inst/next_segment_wr_pointer[4]~FF(unreachable)
FF instance: la0/la_biu_inst/fifo_with_read_inst/next_segment_wr_pointer[5]~FF(unreachable)
FF instance: la0/la_biu_inst/fifo_with_read_inst/next_segment_wr_pointer[6]~FF(unreachable)
FF instance: la0/la_biu_inst/fifo_with_read_inst/next_segment_wr_pointer[7]~FF(unreachable)
FF instance: la0/la_biu_inst/fifo_with_read_inst/next_segment_wr_pointer[8]~FF(unreachable)
FF instance: la0/la_biu_inst/fifo_with_read_inst/next_segment_wr_pointer[9]~FF(unreachable)
FF instance: la0/la_biu_inst/fifo_with_read_inst/next_segment_wr_pointer[10]~FF(unreachable)
### ### Sequential Elements Trimming Report (end) ### ### ### 

### ### Module Resource Usage Distribution Estimates (begin) ### ###

**Note: some resources maybe grouped under different hierarchy due to optimization and LUT mapping

Module                                                               FFs        ADDs        LUTs      RAMs DSP/MULTs
------------------------------------------------------------         ---        ----        ----      ---- ---------
edb_top:edb_top                                                  3015(0)       92(0)     2633(0)     32(0)      0(0)
 +la0:edb_la_top_renamed_due_excessive_length_1               2929(1809)      92(39)  2582(1164)     32(0)      0(0)
  +axi_crc_i:edb_adbg_crc32                                       32(32)        0(0)      54(54)      0(0)      0(0)
  +GEN_PROBE[0].genblk7.genblk2.genblk1.capture_cu:compar...      51(51)        0(0)      69(69)      0(0)      0(0)
  +GEN_PROBE[0].genblk7.genblk3.trigger_cu:compare_unit(W...      51(51)        0(0)      69(69)      0(0)      0(0)
  +GEN_PROBE[1].genblk7.genblk2.genblk1.capture_cu:compar...        1(1)        0(0)        1(1)      0(0)      0(0)
  +GEN_PROBE[1].genblk7.genblk3.trigger_cu:compare_unit(W...        7(7)        0(0)      11(11)      0(0)      0(0)
  +GEN_PROBE[2].genblk7.genblk2.genblk1.capture_cu:compar...      35(35)        0(0)      46(46)      0(0)      0(0)
  +GEN_PROBE[2].genblk7.genblk3.trigger_cu:compare_unit(W...      35(35)        0(0)      46(46)      0(0)      0(0)
  +GEN_PROBE[3].genblk7.genblk2.genblk1.capture_cu:compar...      19(19)        0(0)      27(27)      0(0)      0(0)
  +GEN_PROBE[3].genblk7.genblk3.trigger_cu:compare_unit(W...      19(19)        0(0)      26(26)      0(0)      0(0)
  +GEN_PROBE[4].genblk7.genblk2.genblk1.capture_cu:compar...      19(19)        0(0)      26(26)      0(0)      0(0)
  +GEN_PROBE[4].genblk7.genblk3.trigger_cu:compare_unit(W...      19(19)        0(0)      26(26)      0(0)      0(0)
  +GEN_PROBE[5].genblk7.genblk2.genblk1.capture_cu:compar...      35(35)        0(0)      46(46)      0(0)      0(0)
  +GEN_PROBE[5].genblk7.genblk3.trigger_cu:compare_unit(W...      35(35)        0(0)      46(46)      0(0)      0(0)
  +GEN_PROBE[6].genblk7.genblk2.genblk1.capture_cu:compar...        1(1)        0(0)        1(1)      0(0)      0(0)
  +GEN_PROBE[6].genblk7.genblk3.trigger_cu:compare_unit(W...        7(7)        0(0)      12(12)      0(0)      0(0)
  +GEN_PROBE[7].genblk7.genblk2.genblk1.capture_cu:compar...        1(1)        0(0)        3(3)      0(0)      0(0)
  +GEN_PROBE[7].genblk7.genblk3.trigger_cu:compare_unit(W...        7(7)        0(0)      11(11)      0(0)      0(0)
  +GEN_PROBE[8].genblk7.genblk2.genblk1.capture_cu:compar...      51(51)        0(0)      72(72)      0(0)      0(0)
  +GEN_PROBE[8].genblk7.genblk3.trigger_cu:compare_unit(W...      51(51)        0(0)      69(69)      0(0)      0(0)
  +GEN_PROBE[9].genblk7.genblk2.genblk1.capture_cu:compar...        1(1)        0(0)        1(1)      0(0)      0(0)
  +GEN_PROBE[9].genblk7.genblk3.trigger_cu:compare_unit(W...        7(7)        0(0)      15(15)      0(0)      0(0)
  +GEN_PROBE[10].genblk7.genblk2.genblk1.capture_cu:compa...      35(35)        0(0)      47(47)      0(0)      0(0)
  +GEN_PROBE[10].genblk7.genblk3.trigger_cu:compare_unit(...      35(35)        0(0)      47(47)      0(0)      0(0)
  +GEN_PROBE[11].genblk7.genblk2.genblk1.capture_cu:compa...      35(35)        0(0)      48(48)      0(0)      0(0)
  +GEN_PROBE[11].genblk7.genblk3.trigger_cu:compare_unit(...      35(35)        0(0)      46(46)      0(0)      0(0)
  +GEN_PROBE[12].genblk7.genblk2.genblk1.capture_cu:compa...        1(1)        0(0)        2(2)      0(0)      0(0)
  +GEN_PROBE[12].genblk7.genblk3.trigger_cu:compare_unit(...        7(7)        0(0)      11(11)      0(0)      0(0)
  +GEN_PROBE[13].genblk7.genblk2.genblk1.capture_cu:compa...        1(1)        0(0)        1(1)      0(0)      0(0)
  +GEN_PROBE[13].genblk7.genblk3.trigger_cu:compare_unit(...        7(7)        0(0)      13(13)      0(0)      0(0)
  +GEN_PROBE[14].genblk7.genblk2.genblk1.capture_cu:compa...        1(1)        0(0)        1(1)      0(0)      0(0)
  +GEN_PROBE[14].genblk7.genblk3.trigger_cu:compare_unit(...        7(7)        0(0)      12(12)      0(0)      0(0)
  +GEN_PROBE[15].genblk7.genblk2.genblk1.capture_cu:compa...        1(1)        0(0)        3(3)      0(0)      0(0)
  +GEN_PROBE[15].genblk7.genblk3.trigger_cu:compare_unit(...        7(7)        0(0)      12(12)      0(0)      0(0)
  +GEN_PROBE[16].genblk7.genblk2.genblk1.capture_cu:compa...        1(1)        0(0)        3(3)      0(0)      0(0)
  +GEN_PROBE[16].genblk7.genblk3.trigger_cu:compare_unit(...        7(7)        0(0)      11(11)      0(0)      0(0)
  +GEN_PROBE[17].genblk7.genblk2.genblk1.capture_cu:compa...        1(1)        0(0)        3(3)      0(0)      0(0)
  +GEN_PROBE[17].genblk7.genblk3.trigger_cu:compare_unit(...        7(7)        0(0)      12(12)      0(0)      0(0)
  +GEN_PROBE[18].genblk7.genblk2.genblk1.capture_cu:compa...        1(1)        0(0)        3(3)      0(0)      0(0)
  +GEN_PROBE[18].genblk7.genblk3.trigger_cu:compare_unit(...        7(7)        0(0)      11(11)      0(0)      0(0)
  +GEN_PROBE[19].genblk7.genblk2.genblk1.capture_cu:compa...        1(1)        0(0)        2(2)      0(0)      0(0)
  +GEN_PROBE[19].genblk7.genblk3.trigger_cu:compare_unit(...        7(7)        0(0)      12(12)      0(0)      0(0)
  +GEN_PROBE[20].genblk7.genblk2.genblk1.capture_cu:compa...        1(1)        0(0)        2(2)      0(0)      0(0)
  +GEN_PROBE[20].genblk7.genblk3.trigger_cu:compare_unit(...        7(7)        0(0)      12(12)      0(0)      0(0)
  +GEN_PROBE[21].genblk7.genblk2.genblk1.capture_cu:compa...      19(19)        0(0)      29(29)      0(0)      0(0)
  +GEN_PROBE[21].genblk7.genblk3.trigger_cu:compare_unit(...      19(19)        0(0)      27(27)      0(0)      0(0)
  +GEN_PROBE[22].genblk7.genblk2.genblk1.capture_cu:compa...        1(1)        0(0)        3(3)      0(0)      0(0)
  +GEN_PROBE[22].genblk7.genblk3.trigger_cu:compare_unit(...        7(7)        0(0)      12(12)      0(0)      0(0)
  +GEN_PROBE[23].genblk7.genblk2.genblk1.capture_cu:compa...      19(19)        0(0)      30(30)      0(0)      0(0)
  +GEN_PROBE[23].genblk7.genblk3.trigger_cu:compare_unit(...      19(19)        0(0)      29(29)      0(0)      0(0)
  +GEN_PROBE[24].genblk7.genblk2.genblk1.capture_cu:compa...        1(1)        0(0)        2(2)      0(0)      0(0)
  +GEN_PROBE[24].genblk7.genblk3.trigger_cu:compare_unit(...        8(8)        0(0)      12(12)      0(0)      0(0)
  +trigger_tu:trigger_unit(WIDTH=32'b011001,PIPE=1)                 1(1)        0(0)        4(4)      0(0)      0(0)
  +genblk2.global_capture_inst:trigger_unit(WIDTH=32'b011...        1(1)        0(0)        1(1)      0(0)      0(0)
  +la_biu_inst:la_biu(CAPTURE_WIDTH=32'b010011111,CAPTURE...     329(95)       53(0)    278(206)     32(0)      0(0)
   +fifo_with_read_inst:fifo_with_read(DATA_WIDTH=32'b010...    234(214)      53(53)      72(42)     32(0)      0(0)
    +transcode_write_addr:fifo_address_trancode_unit              10(10)        0(0)      10(10)      0(0)      0(0)
    +transcode_read_addr:fifo_address_trancode_unit               10(10)        0(0)      20(20)      0(0)      0(0)
    +simple_dual_port_ram_inst:edb_simple_dual_port_ram(D...        0(0)        0(0)        0(0)    32(32)      0(0)
 +debug_hub_inst:debug_hub                                        86(86)        0(0)      51(51)      0(0)      0(0)

### ### Module Resource Usage Distribution Estimates (end) ### ###


### ### Clock Load Distribution Report (begin) ### ###

     Clock     Flip-Flops   Memory Ports    Multipliers
     -----     ----------   ------------    -----------
 bscan_TCK           1321              0              0
   la0_clk           1694             64              0

### ### Clock Load Distribution Report (end) ### ###

### ### EFX Flow Options (begin) ### ### ###

family : Trion
device : T120F324
project : edb_top
root : edb_top
I,include : /home/tejas/Downloads/efinity/2023.2/project/WS2812_Custom
I,include : /home/tejas/Downloads/efinity/2023.2/project/WS2812_Custom/ip/phy_FIFO
output-dir : /home/tejas/Downloads/efinity/2023.2/project/WS2812_Custom/outflow
work-dir : /home/tejas/Downloads/efinity/2023.2/project/WS2812_Custom/work_dbg
insert-ios : 0
max-carry-cascade : 640
max_mult : -1
max_ram : -1
mode : speed

### ### EFX Flow Options (end) ### ### ###

### ### Resource Summary (begin) ### ### ### 
INPUT  PORTS    : 	170
OUTPUT PORTS    : 	1

EFX_ADD         : 	92
EFX_LUT4        : 	2633
   1-2  Inputs  : 	857
   3    Inputs  : 	525
   4    Inputs  : 	1251
EFX_FF          : 	3015
EFX_RAM_5K      : 	32
EFX_GBUFCE      : 	2
### ### Resource Summary (end) ### ### ###

Plain synthesis (without verilog dump and post-map checks) time : 31s
Elapsed synthesis time : 32s
