
Efinity Interface Designer Timing Report
Version: 2023.2.307
Date: 2024-06-18 16:07

Copyright (C) 2013 - 2023 Efinix Inc. All rights reserved.

Device: T120F324
Project: WS2812_Custom
Timing Model: C4 (final)

---------- 1. GPIO Timing Report (begin) ----------

Non-registered GPIO Configuration:
===================================

+---------------+-------------+-----------+----------+----------+
| Instance Name |   Pin Name  | Parameter | Max (ns) | Min (ns) |
+---------------+-------------+-----------+----------+----------+
|      clk      |     clk     |  GPIO_IN  |  1.476   |  0.738   |
|  i_rx_serial  | i_rx_serial |  GPIO_IN  |  1.396   |  0.698   |
+---------------+-------------+-----------+----------+----------+

---------- GPIO Timing Report (end) ----------

---------- 2. LVDS Rx Timing Report (begin) ----------

Non-registered LVDS GPIO Configuration:
========================================

+---------------+----------+-----------+----------+----------+
| Instance Name | Pin Name | Parameter | Max (ns) | Min (ns) |
+---------------+----------+-----------+----------+----------+
|      led      |   led    |  GPIO_OUT |  2.242   |  1.121   |
+---------------+----------+-----------+----------+----------+

---------- LVDS Rx Timing Report (end) ----------

---------- 3. JTAG Timing Report (begin) ----------

+---------------+----------------+-----------+----------+----------+
| Instance Name |    Pin Name    | Parameter | Max (ns) | Min (ns) |
+---------------+----------------+-----------+----------+----------+
|   jtag_inst1  | jtag_inst1_TDI |  JTAG_IN  |  2.415   |  1.208   |
|   jtag_inst1  | jtag_inst1_TMS |  JTAG_IN  |  1.755   |  0.877   |
+---------------+----------------+-----------+----------+----------+

---------- JTAG Timing Report (end) ----------
